Archive member included to satisfy reference by file (symbol)

contiki-native.a(mqtt.o)      common.co (mqtt_disconnect)
contiki-native.a(contiki-main.o)
                              /usr/lib/gcc/i686-linux-gnu/4.8/../../../i386-linux-gnu/crt1.o (main)
contiki-native.a(button-sensor.o)
                              contiki-native.a(contiki-main.o) (button_sensor)
contiki-native.a(pir-sensor.o)
                              contiki-native.a(contiki-main.o) (pir_sensor)
contiki-native.a(vib-sensor.o)
                              contiki-native.a(contiki-main.o) (vib_sensor)
contiki-native.a(sensors.o)   contiki-native.a(button-sensor.o) (sensors_changed)
contiki-native.a(autostart.o)
                              contiki-native.a(contiki-main.o) (autostart_start)
contiki-native.a(etimer.o)    contiki-native.a(contiki-main.o) (etimer_process)
contiki-native.a(ctimer.o)    contiki-native.a(contiki-main.o) (ctimer_init)
contiki-native.a(process.o)   contiki-native.a(mqtt.o) (process_current)
contiki-native.a(rtimer.o)    contiki-native.a(contiki-main.o) (rtimer_init)
contiki-native.a(timer.o)     contiki-native.a(mqtt.o) (timer_set)
contiki-native.a(serial-line.o)
                              contiki-native.a(contiki-main.o) (serial_line_input_byte)
contiki-native.a(ringbuf.o)   contiki-native.a(serial-line.o) (ringbuf_init)
contiki-native.a(list.o)      contiki-native.a(mqtt.o) (list_init)
contiki-native.a(uip-ds6.o)   contiki-native.a(contiki-main.o) (uip_ds6_get_link_local)
contiki-native.a(uip-ds6-route.o)
                              contiki-native.a(uip-ds6.o) (uip_ds6_route_init)
contiki-native.a(uip6.o)      contiki-native.a(contiki-main.o) (uip_lladdr)
contiki-native.a(uip-ds6-nbr.o)
                              contiki-native.a(uip-ds6.o) (uip_ds6_neighbors_init)
contiki-native.a(uip-nd6.o)   contiki-native.a(uip6.o) (uip_nd6_init)
contiki-native.a(sicslowpan.o)
                              contiki-native.a(contiki-main.o) (sicslowpan_driver)
contiki-native.a(uip-packetqueue)
                              contiki-native.a(uip-ds6-nbr.o) (uip_packetqueue_new)
contiki-native.a(tcp-socket.o)
                              contiki-native.a(mqtt.o) (tcp_socket_register)
contiki-native.a(tcpip.o)     contiki-native.a(tcp-socket.o) (tcpip_event)
contiki-native.a(uiplib.o)    contiki-native.a(mqtt.o) (uiplib_ip6addrconv)
contiki-native.a(uip-debug.o)
                              contiki-native.a(uip-ds6-route.o) (uip_debug_ipaddr_print)
contiki-native.a(rpl-dag.o)   contiki-native.a(tcpip.o) (rpl_repair_root)
contiki-native.a(rpl-timers.o)
                              contiki-native.a(rpl-dag.o) (rpl_reset_dio_timer)
contiki-native.a(rpl-ext-header.)
                              contiki-native.a(uip6.o) (rpl_verify_hbh_header)
contiki-native.a(rpl.o)       contiki-native.a(rpl-timers.o) (rpl_get_mode)
contiki-native.a(rpl-mrhof.o)
                              contiki-native.a(rpl-dag.o) (rpl_mrhof)
contiki-native.a(rpl-icmp6.o)
                              contiki-native.a(rpl-dag.o) (rpl_icmp6_update_nbr_table)
contiki-native.a(queuebuf.o)  contiki-native.a(contiki-main.o) (queuebuf_init)
contiki-native.a(nbr-table.o)
                              contiki-native.a(uip-ds6-route.o) (nbr_table_register)
contiki-native.a(packetbuf.o)
                              contiki-native.a(sicslowpan.o) (packetbuf_clear)
contiki-native.a(netstack.o)  contiki-native.a(contiki-main.o) (netstack_init)
contiki-native.a(linkaddr.o)  contiki-native.a(uip-ds6-nbr.o) (linkaddr_null)
contiki-native.a(link-stats.o)
                              contiki-native.a(rpl-dag.o) (link_stats_from_lladdr)
contiki-native.a(nullmac.o)   contiki-native.a(contiki-main.o) (nullmac_driver)
contiki-native.a(framer-802154.o)
                              contiki-native.a(sicslowpan.o) (framer_802154)
contiki-native.a(frame802154.o)
                              contiki-native.a(framer-802154.o) (frame802154_get_pan_id)
contiki-native.a(nullrdc.o)   contiki-native.a(contiki-main.o) (nullrdc_driver)
contiki-native.a(nullsec.o)   contiki-native.a(sicslowpan.o) (nullsec_driver)
contiki-native.a(clock.o)     contiki-native.a(etimer.o) (clock_time)
contiki-native.a(rtimer-arch.o)
                              contiki-native.a(rtimer.o) (rtimer_arch_init)
contiki-native.a(watchdog.o)  contiki-native.a(sicslowpan.o) (watchdog_periodic)
contiki-native.a(stimer.o)    contiki-native.a(uip-ds6.o) (stimer_set)
contiki-native.a(nullradio.o)
                              contiki-native.a(netstack.o) (nullradio_driver)
contiki-native.a(memb.o)      contiki-native.a(uip-ds6-route.o) (memb_init)
contiki-native.a(random.o)    contiki-native.a(uip-ds6.o) (random_rand)
contiki-native.a(uip-icmp6.o)
                              contiki-native.a(uip6.o) (uip_icmp6_input)
contiki-native.a(rpl-nbr-policy.)
                              contiki-native.a(nbr-table.o) (rpl_nbr_policy_find_removable)
[...]
Memory Configuration

Name             Origin             Length             Attributes
*default*        0x0000000000000000 0xffffffffffffffff

Linker script and memory map

LOAD /usr/lib/gcc/i686-linux-gnu/4.8/../../../i386-linux-gnu/crt1.o
LOAD /usr/lib/gcc/i686-linux-gnu/4.8/../../../i386-linux-gnu/crti.o
LOAD /usr/lib/gcc/i686-linux-gnu/4.8/crtbegin.o
LOAD common.co
LOAD obj_native/mote-impl.o
LOAD contiki-native.a
LOAD /usr/lib/gcc/i686-linux-gnu/4.8/../../../i386-linux-gnu/libncurses.so
LOAD /lib/i386-linux-gnu/libncurses.so.5
LOAD /usr/lib/gcc/i686-linux-gnu/4.8/../../../i386-linux-gnu/libtinfo.so
LOAD /usr/lib/gcc/i686-linux-gnu/4.8/libgcc.a
LOAD /usr/lib/gcc/i686-linux-gnu/4.8/libgcc_s.so
LOAD /usr/lib/gcc/i686-linux-gnu/4.8/../../../i386-linux-gnu/libc.so
START GROUP
LOAD /lib/i386-linux-gnu/libc.so.6
LOAD /usr/lib/i386-linux-gnu/libc_nonshared.a
LOAD /lib/i386-linux-gnu/ld-linux.so.2
END GROUP
LOAD /usr/lib/gcc/i686-linux-gnu/4.8/libgcc.a
LOAD /usr/lib/gcc/i686-linux-gnu/4.8/libgcc_s.so
LOAD /usr/lib/gcc/i686-linux-gnu/4.8/crtend.o
LOAD /usr/lib/gcc/i686-linux-gnu/4.8/../../../i386-linux-gnu/crtn.o
                [!provide]                        PROVIDE (__executable_start, 0x8048000)
                0x0000000008048154                . = (0x8048000 + SIZEOF_HEADERS)

.interp         0x0000000008048154       0x13
 *(.interp)
 .interp        0x0000000008048154       0x13 /usr/lib/gcc/i686-linux-gnu/4.8/../../../i386-linux-gnu/crt1.o

.note.ABI-tag   0x0000000008048168       0x20
 .note.ABI-tag  0x0000000008048168       0x20 /usr/lib/gcc/i686-linux-gnu/4.8/../../../i386-linux-gnu/crt1.o

.note.gnu.build-id
                0x0000000008048188       0x24
 *(.note.gnu.build-id)
 .note.gnu.build-id
                0x0000000008048188       0x24 /usr/lib/gcc/i686-linux-gnu/4.8/../../../i386-linux-gnu/crt1.o

.hash
 *(.hash)

.gnu.hash       0x00000000080481ac      0xd24
 *(.gnu.hash)
 .gnu.hash      0x00000000080481ac      0xd24 /usr/lib/gcc/i686-linux-gnu/4.8/../../../i386-linux-gnu/crt1.o

.dynsym         0x0000000008048ed0     0x1da0
 *(.dynsym)
 .dynsym        0x0000000008048ed0     0x1da0 /usr/lib/gcc/i686-linux-gnu/4.8/../../../i386-linux-gnu/crt1.o

.dynstr         0x000000000804ac70     0x1df6
 *(.dynstr)
 .dynstr        0x000000000804ac70     0x1df6 /usr/lib/gcc/i686-linux-gnu/4.8/../../../i386-linux-gnu/crt1.o

.gnu.version    0x000000000804ca66      0x3b4
 *(.gnu.version)
 .gnu.version   0x000000000804ca66      0x3b4 /usr/lib/gcc/i686-linux-gnu/4.8/../../../i386-linux-gnu/crt1.o

.gnu.version_d  0x000000000804ce1c        0x0
 *(.gnu.version_d)
 .gnu.version_d
                0x000000000804ce1c        0x0 /usr/lib/gcc/i686-linux-gnu/4.8/../../../i386-linux-gnu/crt1.o

.gnu.version_r  0x000000000804ce1c       0x30
 *(.gnu.version_r)
 .gnu.version_r
                0x000000000804ce1c       0x30 /usr/lib/gcc/i686-linux-gnu/4.8/../../../i386-linux-gnu/crt1.o

.rel.dyn        0x000000000804ce4c       0x18
 *(.rel.init)
 *(.rel.text .rel.text.* .rel.gnu.linkonce.t.*)
 .rel.text      0x000000000804ce4c        0x0 /usr/lib/gcc/i686-linux-gnu/4.8/../../../i386-linux-gnu/crt1.o
 *(.rel.fini)
 *(.rel.rodata .rel.rodata.* .rel.gnu.linkonce.r.*)
 .rel.rodata    0x000000000804ce4c        0x0 /usr/lib/gcc/i686-linux-gnu/4.8/../../../i386-linux-gnu/crt1.o
 *(.rel.data.rel.ro .rel.data.rel.ro.* .rel.gnu.linkonce.d.rel.ro.*)
 *(.rel.data .rel.data.* .rel.gnu.linkonce.d.*)
 .rel.data      0x000000000804ce4c        0x0 /usr/lib/gcc/i686-linux-gnu/4.8/../../../i386-linux-gnu/crt1.o
 *(.rel.tdata .rel.tdata.* .rel.gnu.linkonce.td.*)
 *(.rel.tbss .rel.tbss.* .rel.gnu.linkonce.tb.*)
 *(.rel.ctors)
 *(.rel.dtors)
 *(.rel.got)
 .rel.got       0x000000000804ce4c        0x8 /usr/lib/gcc/i686-linux-gnu/4.8/../../../i386-linux-gnu/crt1.o
 *(.rel.bss .rel.bss.* .rel.gnu.linkonce.b.*)
 .rel.bss       0x000000000804ce54       0x10 /usr/lib/gcc/i686-linux-gnu/4.8/../../../i386-linux-gnu/crt1.o
 *(.rel.ifunc)

.rel.plt        0x000000000804ce64       0xb8
 *(.rel.plt)
 .rel.plt       0x000000000804ce64       0xb8 /usr/lib/gcc/i686-linux-gnu/4.8/../../../i386-linux-gnu/crt1.o
                [!provide]                        PROVIDE (__rel_iplt_start, .)
 *(.rel.iplt)
 .rel.iplt      0x000000000804cf1c        0x0 /usr/lib/gcc/i686-linux-gnu/4.8/../../../i386-linux-gnu/crt1.o
                [!provide]                        PROVIDE (__rel_iplt_end, .)

.init           0x000000000804cf1c       0x23
 *(SORT(.init))
 .init          0x000000000804cf1c       0x1e /usr/lib/gcc/i686-linux-gnu/4.8/../../../i386-linux-gnu/crti.o
                0x000000000804cf1c                _init
 .init          0x000000000804cf3a        0x5 /usr/lib/gcc/i686-linux-gnu/4.8/../../../i386-linux-gnu/crtn.o

.plt            0x000000000804cf40      0x180
 *(.plt)
 .plt           0x000000000804cf40      0x180 /usr/lib/gcc/i686-linux-gnu/4.8/../../../i386-linux-gnu/crt1.o
                0x000000000804cf50                setitimer@@GLIBC_2.0
                0x000000000804cf60                read@@GLIBC_2.0
                0x000000000804cf70                printf@@GLIBC_2.0
                0x000000000804cf80                memmove@@GLIBC_2.0
                0x000000000804cf90                memcpy@@GLIBC_2.0
                0x000000000804cfa0                signal@@GLIBC_2.0
                0x000000000804cfb0                memcmp@@GLIBC_2.0
                0x000000000804cfc0                gettimeofday@@GLIBC_2.0
                0x000000000804cfd0                select@@GLIBC_2.0
                0x000000000804cfe0                __stack_chk_fail@@GLIBC_2.4
                0x000000000804cff0                perror@@GLIBC_2.0
                0x000000000804d000                puts@@GLIBC_2.0
                0x000000000804d010                exit@@GLIBC_2.0
                0x000000000804d020                srand@@GLIBC_2.0
                0x000000000804d030                strlen@@GLIBC_2.0
                0x000000000804d040                __libc_start_main@@GLIBC_2.0
                0x000000000804d050                fprintf@@GLIBC_2.0
                0x000000000804d060                setvbuf@@GLIBC_2.0
                0x000000000804d070                memset@@GLIBC_2.0
                0x000000000804d080                putchar@@GLIBC_2.0
                0x000000000804d090                __errno_location@@GLIBC_2.0
                0x000000000804d0a0                rand@@GLIBC_2.0
                0x000000000804d0b0                strncmp@@GLIBC_2.0
 *(.iplt)
 .iplt          0x000000000804d0c0        0x0 /usr/lib/gcc/i686-linux-gnu/4.8/../../../i386-linux-gnu/crt1.o

.plt.got        0x000000000804d0c0        0x8
 *(.plt.got)
 .plt.got       0x000000000804d0c0        0x8 /usr/lib/gcc/i686-linux-gnu/4.8/../../../i386-linux-gnu/crt1.o

.text           0x000000000804d0d0    0x16e72
 *(.text.unlikely .text.*_unlikely .text.unlikely.*)
 .text.unlikely
                0x000000000804d0d0        0x0 /usr/lib/i386-linux-gnu/libc_nonshared.a(elf-init.oS)
 *(.text.exit .text.exit.*)
 *(.text.startup .text.startup.*)
 *(.text.hot .text.hot.*)
 *(.text .stub .text.* .gnu.linkonce.t.*)
 .text          0x000000000804d0d0       0x22 /usr/lib/gcc/i686-linux-gnu/4.8/../../../i386-linux-gnu/crt1.o
                0x000000000804d0d0                _start
 .text          0x000000000804d0f2        0x0 /usr/lib/gcc/i686-linux-gnu/4.8/../../../i386-linux-gnu/crti.o
 *fill*         0x000000000804d0f2        0xe 
 .gnu.linkonce.t.__x86.get_pc_thunk.bx
                0x000000000804d100        0x4 /usr/lib/gcc/i686-linux-gnu/4.8/../../../i386-linux-gnu/crti.o
                0x000000000804d100                __x86.get_pc_thunk.bx
 *fill*         0x000000000804d104        0xc 
 .text          0x000000000804d110       0xbd /usr/lib/gcc/i686-linux-gnu/4.8/crtbegin.o
 .text          0x000000000804d1cd      0x436 common.co
 .text          0x000000000804d603       0x99 obj_native/mote-impl.o
                0x000000000804d603                publish
                0x000000000804d617                pub_handler
                0x000000000804d639                idle_state_handler
 .text          0x000000000804d69c     0x37ae contiki-native.a(mqtt.o)
                0x0000000008050869                mqtt_init
                0x0000000008050924                mqtt_register
                0x00000000080509c7                mqtt_connect
                0x0000000008050ae1                mqtt_disconnect
                0x0000000008050b21                mqtt_subscribe
                0x0000000008050bde                mqtt_unsubscribe
                0x0000000008050c8c                mqtt_publish
                0x0000000008050d6d                mqtt_set_username_password
                0x0000000008050df7                mqtt_set_last_will
 .text          0x0000000008050e4a      0x513 contiki-native.a(contiki-main.o)
                0x0000000008050e4a                select_set_callback
                0x0000000008051001                main
                0x000000000805130e                log_message
                0x0000000008051339                uip_log
 .text          0x000000000805135d       0x32 contiki-native.a(button-sensor.o)
                0x000000000805135d                button_press
 .text          0x000000000805138f       0x42 contiki-native.a(pir-sensor.o)
                0x000000000805138f                pir_sensor_changed
 .text          0x00000000080513d1       0x3f contiki-native.a(vib-sensor.o)
                0x00000000080513d1                vib_sensor_changed
 .text          0x0000000008051410      0x2a1 contiki-native.a(sensors.o)
                0x000000000805144b                sensors_first
                0x0000000008051455                sensors_next
                0x0000000008051472                sensors_changed
                0x00000000080514a1                sensors_find
 .text          0x00000000080516b1       0x8e contiki-native.a(autostart.o)
                0x00000000080516b1                autostart_start
                0x00000000080516fc                autostart_exit
 .text          0x000000000805173f      0x40b contiki-native.a(etimer.o)
                0x0000000008051952                etimer_request_poll
                0x00000000080519d6                etimer_set
                0x00000000080519fb                etimer_reset_with_new_interval
                0x0000000008051a22                etimer_reset
                0x0000000008051a40                etimer_restart
                0x0000000008051a5e                etimer_adjust
                0x0000000008051a7a                etimer_expired
                0x0000000008051a8d                etimer_expiration_time
                0x0000000008051a9f                etimer_start_time
                0x0000000008051aa9                etimer_pending
                0x0000000008051abb                etimer_next_expiration_time
                0x0000000008051ad5                etimer_stop
 .text          0x0000000008051b4a      0x334 contiki-native.a(ctimer.o)
                0x0000000008051c61                ctimer_init
                0x0000000008051c91                ctimer_set
                0x0000000008051cc2                ctimer_set_with_process
                0x0000000008051d3e                ctimer_reset
                0x0000000008051d8d                ctimer_restart
                0x0000000008051ddc                ctimer_stop
                0x0000000008051e27                ctimer_expired
 .text          0x0000000008051e7e      0x51a contiki-native.a(process.o)
                0x0000000008051e7e                process_alloc_event
                0x0000000008051e93                process_start
                0x000000000805207c                process_exit
                0x0000000008052098                process_init
                0x000000000805223a                process_run
                0x000000000805226d                process_nevents
                0x0000000008052288                process_post
                0x000000000805231d                process_post_synch
                0x0000000008052355                process_poll
                0x0000000008052384                process_is_running
 .text          0x0000000008052398       0xcf contiki-native.a(rtimer.o)
                0x0000000008052398                rtimer_init
                0x00000000080523a5                rtimer_set
                0x000000000805240d                rtimer_run_next
 .text          0x0000000008052467       0x91 contiki-native.a(timer.o)
                0x0000000008052467                timer_set
                0x0000000008052482                timer_reset
                0x0000000008052499                timer_restart
                0x00000000080524ab                timer_expired
                0x00000000080524d4                timer_remaining
 .text          0x00000000080524f8      0x1fb contiki-native.a(serial-line.o)
                0x00000000080524f8                serial_line_input_byte
                0x00000000080526bb                serial_line_init
 .text          0x00000000080526f3      0x155 contiki-native.a(ringbuf.o)
                0x00000000080526f3                ringbuf_init
                0x0000000008052724                ringbuf_put
                0x00000000080527a2                ringbuf_get
                0x000000000805280f                ringbuf_size
                0x0000000008052821                ringbuf_elements
 .text          0x0000000008052848      0x244 contiki-native.a(list.o)
                0x0000000008052848                list_init
                0x0000000008052856                list_head
                0x0000000008052860                list_copy
                0x000000000805286f                list_tail
                0x00000000080528a5                list_add
                0x00000000080528ee                list_push
                0x000000000805291a                list_chop
                0x0000000008052984                list_pop
                0x00000000080529ac                list_remove
                0x0000000008052a13                list_length
                0x0000000008052a41                list_insert
                0x0000000008052a75                list_item_next
 .text          0x0000000008052a8c      0xb97 contiki-native.a(uip-ds6.o)
                0x0000000008052a8c                uip_ds6_init
                0x0000000008052c5f                uip_ds6_periodic
                0x0000000008052cd8                uip_ds6_list_loop
                0x0000000008052d7f                uip_ds6_prefix_add
                0x0000000008052e3d                uip_ds6_prefix_rm
                0x0000000008052e4f                uip_ds6_prefix_lookup
                0x0000000008052ea0                uip_ds6_is_addr_onlink
                0x0000000008052f14                uip_ds6_addr_add
                0x0000000008053042                uip_ds6_addr_rm
                0x00000000080530e2                uip_ds6_addr_lookup
                0x000000000805312d                uip_ds6_get_link_local
                0x00000000080531ac                uip_ds6_get_global
                0x000000000805322b                uip_ds6_maddr_add
                0x000000000805329d                uip_ds6_maddr_rm
                0x00000000080532af                uip_ds6_maddr_lookup
                0x00000000080532fa                uip_ds6_aaddr_add
                0x000000000805336c                uip_ds6_aaddr_rm
                0x000000000805337e                uip_ds6_aaddr_lookup
                0x00000000080533c9                uip_ds6_select_src
                0x000000000805350e                uip_ds6_set_addr_iid
                0x0000000008053545                get_match_length
                0x00000000080535d7                uip_ds6_compute_reachable_time
 .text          0x0000000008053623      0x92b contiki-native.a(uip-ds6-route.o)
                0x000000000805369a                uip_ds6_notification_add
                0x00000000080536cb                uip_ds6_notification_rm
                0x00000000080536e7                uip_ds6_route_init
                0x000000000805376f                uip_ds6_route_nexthop
                0x0000000008053797                uip_ds6_route_head
                0x00000000080537ac                uip_ds6_route_next
                0x00000000080537d2                uip_ds6_route_is_nexthop
                0x0000000008053811                uip_ds6_route_num_routes
                0x000000000805381b                uip_ds6_route_lookup
                0x00000000080538dd                uip_ds6_route_add
                0x0000000008053b11                uip_ds6_route_rm
                0x0000000008053ca5                uip_ds6_route_rm_by_nexthop
                0x0000000008053cdd                uip_ds6_defrt_head
                0x0000000008053cf2                uip_ds6_defrt_add
                0x0000000008053da3                uip_ds6_defrt_rm
                0x0000000008053e22                uip_ds6_defrt_lookup
                0x0000000008053e7b                uip_ds6_defrt_choose
                0x0000000008053ee6                uip_ds6_defrt_periodic
 .text          0x0000000008053f4e     0x2764 contiki-native.a(uip6.o)
                0x0000000008053f4e                uip_add32
                0x00000000080540e7                uip_chksum
                0x00000000080541d5                uip_icmp6chksum
                0x00000000080541e9                uip_tcpchksum
                0x00000000080541fd                uip_udpchksum
                0x0000000008054211                uip_init
                0x000000000805429c                uip_connect
                0x000000000805441d                remove_ext_hdr
                0x00000000080544f2                uip_udp_new
                0x0000000008054619                uip_unlisten
                0x000000000805465b                uip_listen
                0x00000000080548ff                uip_process
                0x00000000080565a6                uip_htons
                0x00000000080565c8                uip_htonl
                0x0000000008056608                uip_send
 .text          0x00000000080566b2      0x299 contiki-native.a(uip-ds6-nbr.o)
                0x00000000080566b2                uip_ds6_neighbors_init
                0x00000000080566d4                uip_ds6_nbr_add
                0x000000000805675c                uip_ds6_nbr_rm
                0x000000000805679e                uip_ds6_nbr_get_ipaddr
                0x00000000080567b3                uip_ds6_nbr_get_ll
                0x00000000080567cf                uip_ds6_nbr_num
                0x0000000008056814                uip_ds6_nbr_lookup
                0x0000000008056879                uip_ds6_nbr_ll_lookup
                0x0000000008056895                uip_ds6_nbr_ipaddr_from_lladdr
                0x00000000080568bb                uip_ds6_nbr_lladdr_from_ipaddr
                0x00000000080568e9                uip_ds6_link_neighbor_callback
 .text          0x000000000805694b      0x6ac contiki-native.a(uip-nd6.o)
                0x0000000008056fe3                uip_nd6_init
 .text          0x0000000008056ff7     0x250c contiki-native.a(sicslowpan.o)
                0x00000000080574ee                rime_sniffer_add
                0x00000000080574fb                rime_sniffer_remove
                0x00000000080594a2                sicslowpan_init
                0x00000000080594f9                sicslowpan_get_last_rssi
 .text          0x0000000008059503      0x141 contiki-native.a(uip-packetqueue)
                0x000000000805952f                uip_packetqueue_new
                0x000000000805953d                uip_packetqueue_alloc
                0x000000000805959d                uip_packetqueue_free
                0x00000000080595de                uip_packetqueue_buf
                0x00000000080595fb                uip_packetqueue_buflen
                0x000000000805961c                uip_packetqueue_set_buflen
 .text          0x0000000008059644      0x9c3 contiki-native.a(tcp-socket.o)
                0x0000000008059c8e                tcp_socket_register
                0x0000000008059d1f                tcp_socket_connect
                0x0000000008059db6                tcp_socket_listen
                0x0000000008059e25                tcp_socket_unlisten
                0x0000000008059e91                tcp_socket_send
                0x0000000008059f30                tcp_socket_send_str
                0x0000000008059f59                tcp_socket_close
                0x0000000008059f82                tcp_socket_unregister
                0x0000000008059fdb                tcp_socket_max_sendlen
                0x0000000008059ff8                tcp_socket_queuelen
 .text          0x000000000805a007      0x9ca contiki-native.a(tcpip.o)
                0x000000000805a007                tcpip_output
                0x000000000805a035                tcpip_set_outputfunc
                0x000000000805a0c9                tcp_connect
                0x000000000805a11e                tcp_unlisten
                0x000000000805a179                tcp_listen
                0x000000000805a1d2                tcp_attach
                0x000000000805a1f7                udp_attach
                0x000000000805a21c                udp_new
                0x000000000805a26e                udp_broadcast_new
                0x000000000805a300                icmp6_new
                0x000000000805a32c                tcpip_icmp6_call
                0x000000000805a548                tcpip_input
                0x000000000805a57c                tcpip_ipv6_output
                0x000000000805a80a                tcpip_poll_udp
                0x000000000805a82d                tcpip_poll_tcp
                0x000000000805a850                tcpip_uipcall
 .text          0x000000000805a9d1      0x283 contiki-native.a(uiplib.o)
                0x000000000805a9d1                uiplib_ip6addrconv
                0x000000000805ab91                uiplib_ip4addrconv
 .text          0x000000000805ac54      0x162 contiki-native.a(uip-debug.o)
                0x000000000805ac54                uip_debug_ipaddr_print
 .text          0x000000000805adb6     0x2789 contiki-native.a(rpl-dag.o)
                0x000000000805adb6                rpl_print_neighbor_list
                0x000000000805af9c                rpl_get_nbr
                0x000000000805afe6                rpl_dag_init
                0x000000000805b003                rpl_get_parent
                0x000000000805b025                rpl_get_parent_rank
                0x000000000805b058                rpl_get_parent_link_metric
                0x000000000805b0af                rpl_rank_via_parent
                0x000000000805b106                rpl_get_parent_lladdr
                0x000000000805b122                rpl_get_parent_ipaddr
                0x000000000805b143                rpl_get_parent_link_stats
                0x000000000805b164                rpl_parent_is_fresh
                0x000000000805b185                rpl_parent_is_reachable
                0x000000000805b4cc                rpl_set_root
                0x000000000805b723                rpl_repair_root
                0x000000000805b95f                rpl_set_prefix
                0x000000000805ba5e                rpl_set_default_route
                0x000000000805bacc                rpl_alloc_instance
                0x000000000805bb5f                rpl_alloc_dag
                0x000000000805bc10                rpl_set_default_instance
                0x000000000805bc1d                rpl_get_default_instance
                0x000000000805bc27                rpl_free_instance
                0x000000000805bcd6                rpl_free_dag
                0x000000000805bd57                rpl_add_parent
                0x000000000805be04                rpl_find_parent
                0x000000000805be5c                rpl_find_parent_any_dag
                0x000000000805be98                rpl_select_dag
                0x000000000805c28f                rpl_select_parent
                0x000000000805c369                rpl_remove_parent
                0x000000000805c390                rpl_nullify_parent
                0x000000000805c451                rpl_move_parent
                0x000000000805c509                rpl_has_downward_route
                0x000000000805c55c                rpl_get_dag
                0x000000000805c648                rpl_get_any_dag
                0x000000000805c6aa                rpl_get_instance
                0x000000000805c70d                rpl_find_of
                0x000000000805c74a                rpl_join_instance
                0x000000000805ca0a                rpl_add_dag
                0x000000000805cdda                rpl_local_repair
                0x000000000805ceb2                rpl_recalculate_ranks
                0x000000000805cf38                rpl_process_parent_event
                0x000000000805d065                rpl_process_dio
 .text          0x000000000805d53f      0x86f contiki-native.a(rpl-timers.o)
                0x000000000805d7ba                rpl_reset_periodic_timer
                0x000000000805d80f                rpl_reset_dio_timer
                0x000000000805da36                rpl_schedule_dao
                0x000000000805da51                rpl_schedule_dao_immediately
                0x000000000805da6c                rpl_cancel_dao
                0x000000000805dace                rpl_schedule_unicast_dio_immediately
                0x000000000805dafe                get_probing_delay
                0x000000000805db7d                get_probing_target
                0x000000000805dd74                rpl_schedule_probing
 .text          0x000000000805ddae      0x9b2 contiki-native.a(rpl-ext-header.)
                0x000000000805ddae                rpl_verify_hbh_header
                0x000000000805e531                rpl_remove_header
                0x000000000805e694                rpl_update_header
 .text          0x000000000805e760      0x56a contiki-native.a(rpl.o)
                0x000000000805e760                rpl_get_mode
                0x000000000805e76a                rpl_set_mode
                0x000000000805e7f8                rpl_purge_routes
                0x000000000805e8fd                rpl_remove_routes
                0x000000000805e943                rpl_remove_routes_by_nexthop
                0x000000000805e9a4                rpl_add_route
                0x000000000805ea37                rpl_link_neighbor_callback
                0x000000000805eb01                rpl_ipv6_neighbor_callback
                0x000000000805eb70                rpl_purge_dags
                0x000000000805ec52                rpl_init
 .text          0x000000000805ecca      0x2e9 contiki-native.a(rpl-mrhof.o)
 .text          0x000000000805efb3     0x1b1a contiki-native.a(rpl-icmp6.o)
                0x000000000805f1f5                rpl_icmp6_update_nbr_table
                0x000000000805f2e5                dis_output
                0x000000000805f91e                dio_output
                0x000000000806067c                dao_output
                0x0000000008060737                dao_output_target
                0x0000000008060a81                dao_ack_output
                0x0000000008060a95                rpl_icmp6_register_handlers
 .text          0x0000000008060acd      0x2b4 contiki-native.a(queuebuf.o)
                0x0000000008060ad7                queuebuf_init
                0x0000000008060af7                queuebuf_numfree
                0x0000000008060b0b                queuebuf_new_from_packetbuf
                0x0000000008060b9b                queuebuf_update_attr_from_packetbuf
                0x0000000008060bce                queuebuf_update_from_packetbuf
                0x0000000008060c18                queuebuf_free
                0x0000000008060c5f                queuebuf_to_packetbuf
                0x0000000008060cc5                queuebuf_dataptr
                0x0000000008060cfc                queuebuf_datalen
                0x0000000008060d1f                queuebuf_addr
                0x0000000008060d51                queuebuf_attr
                0x0000000008060d7c                queuebuf_debug_print
 .text          0x0000000008060d81      0x80f contiki-native.a(nbr-table.o)
                0x00000000080611f0                nbr_table_register
                0x0000000008061238                nbr_table_head
                0x0000000008061294                nbr_table_next
                0x00000000080612fb                nbr_table_add_lladdr
                0x00000000080613d7                nbr_table_get_from_lladdr
                0x0000000008061424                nbr_table_remove
                0x0000000008061476                nbr_table_lock
                0x00000000080614a0                nbr_table_unlock
                0x00000000080614ca                nbr_table_get_lladdr
                0x00000000080614fa                nbr_table_update_lladdr
 .text          0x0000000008061590      0x473 contiki-native.a(packetbuf.o)
                0x0000000008061590                packetbuf_clear
                0x00000000080615ba                packetbuf_copyfrom
                0x000000000806160c                packetbuf_compact
                0x0000000008061689                packetbuf_copyto
                0x0000000008061720                packetbuf_hdralloc
                0x000000000806179d                packetbuf_hdrreduce
                0x00000000080617e5                packetbuf_set_datalen
                0x00000000080617fe                packetbuf_dataptr
                0x000000000806181b                packetbuf_hdrptr
                0x0000000008061825                packetbuf_datalen
                0x0000000008061831                packetbuf_hdrlen
                0x0000000008061848                packetbuf_totlen
                0x000000000806185e                packetbuf_remaininglen
                0x0000000008061871                packetbuf_attr_clear
                0x00000000080618c3                packetbuf_attr_copyto
                0x000000000806190c                packetbuf_attr_copyfrom
                0x0000000008061954                packetbuf_set_attr
                0x000000000806197e                packetbuf_attr
                0x0000000008061998                packetbuf_set_addr
                0x00000000080619ca                packetbuf_addr
                0x00000000080619e7                packetbuf_holds_broadcast
 .text          0x0000000008061a03       0x2b contiki-native.a(netstack.o)
                0x0000000008061a03                netstack_init
 .text          0x0000000008061a2e       0x67 contiki-native.a(linkaddr.o)
                0x0000000008061a2e                linkaddr_copy
                0x0000000008061a50                linkaddr_cmp
                0x0000000008061a7a                linkaddr_set_node_addr
 .text          0x0000000008061a95      0x323 contiki-native.a(link-stats.o)
                0x0000000008061a95                link_stats_from_lladdr
                0x0000000008061ab1                link_stats_is_fresh
                0x0000000008061aea                guess_etx_from_rssi
                0x0000000008061b66                link_stats_packet_sent
                0x0000000008061c74                link_stats_input_callback
                0x0000000008061d77                link_stats_init
 .text          0x0000000008061db8       0x5e contiki-native.a(nullmac.o)
 .text          0x0000000008061e16      0x366 contiki-native.a(framer-802154.o)
 .text          0x000000000806217c      0xa8d contiki-native.a(frame802154.o)
                0x00000000080621ad                frame802154_get_pan_id
                0x00000000080621b9                frame802154_set_pan_id
                0x00000000080621d2                frame802154_has_panid
                0x000000000806237f                frame802154_check_dest_panid
                0x00000000080623ee                frame802154_is_broadcast_addr
                0x000000000806243b                frame802154_extract_linkaddr
                0x000000000806267b                frame802154_hdrlen
                0x00000000080626cc                frame802154_create_fcf
                0x0000000008062783                frame802154_create
                0x00000000080628d0                frame802154_parse_fcf
                0x0000000008062989                frame802154_parse
 .text          0x0000000008062c09      0x1b5 contiki-native.a(nullrdc.o)
 .text          0x0000000008062dbe       0x44 contiki-native.a(nullsec.o)
 .text          0x0000000008062e02       0x66 contiki-native.a(clock.o)
                0x0000000008062e02                clock_time
                0x0000000008062e45                clock_seconds
                0x0000000008062e63                clock_delay
 .text          0x0000000008062e68       0xd1 contiki-native.a(rtimer-arch.o)
                0x0000000008062e88                rtimer_arch_init
                0x0000000008062ea4                rtimer_arch_schedule
 .text          0x0000000008062f39       0x26 contiki-native.a(watchdog.o)
                0x0000000008062f39                watchdog_init
                0x0000000008062f3e                watchdog_start
                0x0000000008062f43                watchdog_periodic
                0x0000000008062f48                watchdog_stop
                0x0000000008062f4d                watchdog_reboot
 .text          0x0000000008062f5f       0xa3 contiki-native.a(stimer.o)
                0x0000000008062f5f                stimer_set
                0x0000000008062f7a                stimer_reset
                0x0000000008062f91                stimer_restart
                0x0000000008062fa3                stimer_expired
                0x0000000008062fca                stimer_remaining
                0x0000000008062fee                stimer_elapsed
 .text          0x0000000008063002       0xce contiki-native.a(nullradio.o)
 .text          0x00000000080630d0      0x1c1 contiki-native.a(memb.o)
                0x00000000080630d0                memb_init
                0x000000000806312e                memb_alloc
                0x0000000008063193                memb_free
                0x000000000806320e                memb_inmemb
                0x000000000806324d                memb_numfree
 .text          0x0000000008063291       0x28 contiki-native.a(random.o)
                0x0000000008063291                random_init
                0x00000000080632ac                random_rand
 .text          0x00000000080632b9      0x8c8 contiki-native.a(uip-icmp6.o)
                0x0000000008063327                uip_icmp6_input
                0x000000000806337d                uip_icmp6_register_input_handler
                0x0000000008063560                uip_icmp6_error_output
                0x00000000080638a0                uip_icmp6_send
                0x0000000008063b14                uip_icmp6_echo_reply_callback_add
                0x0000000008063b45                uip_icmp6_echo_reply_callback_rm
                0x0000000008063b61                uip_icmp6_init
 .text          0x0000000008063b81      0x31b contiki-native.a(rpl-nbr-policy.)
                0x0000000008063d51                find_removable_dis
                0x0000000008063d74                find_removable_dio
                0x0000000008063df5                find_removable_dao
                0x0000000008063e45                rpl_nbr_policy_find_removable
 .text          0x0000000008063e9c       0x3c contiki-native.a(mac.o)
                0x0000000008063e9c                mac_call_sent_callback
 *fill*         0x0000000008063ed8        0x8 
 .text          0x0000000008063ee0       0x62 /usr/lib/i386-linux-gnu/libc_nonshared.a(elf-init.oS)
                0x0000000008063ee0                __libc_csu_init
                0x0000000008063f40                __libc_csu_fini
 .text          0x0000000008063f42        0x0 /usr/lib/gcc/i686-linux-gnu/4.8/crtend.o
 .text          0x0000000008063f42        0x0 /usr/lib/gcc/i686-linux-gnu/4.8/../../../i386-linux-gnu/crtn.o
 *(.gnu.warning)

.fini           0x0000000008063f44       0x14
 *(SORT(.fini))
 .fini          0x0000000008063f44        0xf /usr/lib/gcc/i686-linux-gnu/4.8/../../../i386-linux-gnu/crti.o
                0x0000000008063f44                _fini
 .fini          0x0000000008063f53        0x5 /usr/lib/gcc/i686-linux-gnu/4.8/../../../i386-linux-gnu/crtn.o
                [!provide]                        PROVIDE (__etext, .)
                [!provide]                        PROVIDE (_etext, .)
                [!provide]                        PROVIDE (etext, .)

.rodata         0x0000000008063f60      0x5d8
 *(.rodata .rodata.* .gnu.linkonce.r.*)
 .rodata        0x0000000008063f60        0x4 /usr/lib/gcc/i686-linux-gnu/4.8/../../../i386-linux-gnu/crt1.o
                0x0000000008063f60                _fp_hw
 .rodata.cst4   0x0000000008063f64        0x4 /usr/lib/gcc/i686-linux-gnu/4.8/../../../i386-linux-gnu/crt1.o
                0x0000000008063f64                _IO_stdin_used
 .rodata        0x0000000008063f68       0xcd common.co
                0x0000000008063f88                autostart_processes
 *fill*         0x0000000008064035        0x3 
 .rodata        0x0000000008064038       0x9e obj_native/mote-impl.o
                0x000000000806404e                broker_port
 .rodata        0x00000000080640d6       0x14 contiki-native.a(mqtt.o)
 *fill*         0x00000000080640ea        0x2 
 .rodata        0x00000000080640ec       0xb8 contiki-native.a(contiki-main.o)
 .rodata        0x00000000080641a4       0x18 contiki-native.a(button-sensor.o)
                0x00000000080641ac                button_sensor
 .rodata        0x00000000080641bc       0x14 contiki-native.a(pir-sensor.o)
                0x00000000080641c0                pir_sensor
 .rodata        0x00000000080641d0       0x1c contiki-native.a(vib-sensor.o)
                0x00000000080641dc                vib_sensor
 .rodata        0x00000000080641ec        0x8 contiki-native.a(sensors.o)
 .rodata        0x00000000080641f4        0xc contiki-native.a(etimer.o)
 .rodata        0x0000000008064200        0xf contiki-native.a(ctimer.o)
 .rodata        0x000000000806420f        0xe contiki-native.a(serial-line.o)
 *fill*         0x000000000806421d        0x3 
 .rodata        0x0000000008064220      0x13c contiki-native.a(uip6.o)
 .rodata        0x000000000806435c       0x2c contiki-native.a(sicslowpan.o)
                0x000000000806435c                unc_llconf
                0x0000000008064360                unc_ctxconf
                0x0000000008064364                unc_mxconf
                0x0000000008064368                llprefix
                0x000000000806437c                sicslowpan_driver
 .rodata        0x0000000008064388       0x13 contiki-native.a(tcp-socket.o)
 .rodata        0x000000000806439b        0xd contiki-native.a(tcpip.o)
 .rodata        0x00000000080643a8       0x28 contiki-native.a(uip-debug.o)
 .rodata        0x00000000080643d0       0x88 contiki-native.a(rpl-dag.o)
 .rodata        0x0000000008064458        0x8 contiki-native.a(linkaddr.o)
                0x0000000008064458                linkaddr_null
 .rodata        0x0000000008064460       0x24 contiki-native.a(nullmac.o)
                0x0000000008064468                nullmac_driver
 .rodata        0x0000000008064484        0xc contiki-native.a(framer-802154.o)
                0x0000000008064484                framer_802154
 *fill*         0x0000000008064490       0x10 
 .rodata        0x00000000080644a0       0x40 contiki-native.a(nullrdc.o)
                0x00000000080644c0                nullrdc_driver
 .rodata        0x00000000080644e0       0x18 contiki-native.a(nullsec.o)
                0x00000000080644e8                nullsec_driver
 *fill*         0x00000000080644f8        0x8 
 .rodata        0x0000000008064500       0x38 contiki-native.a(nullradio.o)
                0x0000000008064500                nullradio_driver

.rodata1
 *(.rodata1)

.eh_frame_hdr   0x0000000008064538     0x117c
 *(.eh_frame_hdr)
 .eh_frame_hdr  0x0000000008064538     0x117c common.co
                0x0000000008064538                __GNU_EH_FRAME_HDR
 *(.eh_frame_entry .eh_frame_entry.*)

.eh_frame       0x00000000080656b4     0x4744
 *(.eh_frame)
 .eh_frame      0x00000000080656b4       0x3c /usr/lib/gcc/i686-linux-gnu/4.8/../../../i386-linux-gnu/crt1.o
                                         0x40 (size before relaxing)
 .eh_frame      0x00000000080656f0       0x68 common.co
                                         0x80 (size before relaxing)
 .eh_frame      0x0000000008065758       0x60 obj_native/mote-impl.o
                                         0x78 (size before relaxing)
 .eh_frame      0x00000000080657b8      0x4b0 contiki-native.a(mqtt.o)
                                        0x4c8 (size before relaxing)
 .eh_frame      0x0000000008065c68       0xdc contiki-native.a(contiki-main.o)
                                         0xf4 (size before relaxing)
 .eh_frame      0x0000000008065d44       0x80 contiki-native.a(button-sensor.o)
                                         0x98 (size before relaxing)
 .eh_frame      0x0000000008065dc4       0x80 contiki-native.a(pir-sensor.o)
                                         0x98 (size before relaxing)
 .eh_frame      0x0000000008065e44       0x80 contiki-native.a(vib-sensor.o)
                                         0x98 (size before relaxing)
 .eh_frame      0x0000000008065ec4       0xc0 contiki-native.a(sensors.o)
                                         0xd8 (size before relaxing)
 .eh_frame      0x0000000008065f84       0x40 contiki-native.a(autostart.o)
                                         0x58 (size before relaxing)
 .eh_frame      0x0000000008065fc4      0x1e0 contiki-native.a(etimer.o)
                                        0x1f8 (size before relaxing)
 .eh_frame      0x00000000080661a4      0x100 contiki-native.a(ctimer.o)
                                        0x118 (size before relaxing)
 .eh_frame      0x00000000080662a4      0x1c8 contiki-native.a(process.o)
                                        0x1e0 (size before relaxing)
 .eh_frame      0x000000000806646c       0x60 contiki-native.a(rtimer.o)
                                         0x78 (size before relaxing)
 .eh_frame      0x00000000080664cc       0xa4 contiki-native.a(timer.o)
                                         0xbc (size before relaxing)
 .eh_frame      0x0000000008066570       0x60 contiki-native.a(serial-line.o)
                                         0x78 (size before relaxing)
 .eh_frame      0x00000000080665d0       0xa0 contiki-native.a(ringbuf.o)
                                         0xb8 (size before relaxing)
 .eh_frame      0x0000000008066670      0x180 contiki-native.a(list.o)
                                        0x198 (size before relaxing)
 .eh_frame      0x00000000080667f0      0x2c8 contiki-native.a(uip-ds6.o)
                                        0x2e0 (size before relaxing)
 .eh_frame      0x0000000008066ab8      0x2c0 contiki-native.a(uip-ds6-route.o)
                                        0x2d8 (size before relaxing)
 .eh_frame      0x0000000008066d78      0x27c contiki-native.a(uip6.o)
                                        0x294 (size before relaxing)
 .eh_frame      0x0000000008066ff4      0x160 contiki-native.a(uip-ds6-nbr.o)
                                        0x178 (size before relaxing)
 .eh_frame      0x0000000008067154       0x88 contiki-native.a(uip-nd6.o)
                                         0xa0 (size before relaxing)
 .eh_frame      0x00000000080671dc      0x2d0 contiki-native.a(sicslowpan.o)
                                        0x2e8 (size before relaxing)
 .eh_frame      0x00000000080674ac       0xe0 contiki-native.a(uip-packetqueue)
                                         0xf8 (size before relaxing)
 .eh_frame      0x000000000806758c      0x24c contiki-native.a(tcp-socket.o)
                                        0x264 (size before relaxing)
 .eh_frame      0x00000000080677d8      0x2b0 contiki-native.a(tcpip.o)
                                        0x2c8 (size before relaxing)
 .eh_frame      0x0000000008067a88       0x48 contiki-native.a(uiplib.o)
                                         0x60 (size before relaxing)
 .eh_frame      0x0000000008067ad0       0x28 contiki-native.a(uip-debug.o)
                                         0x40 (size before relaxing)
 .eh_frame      0x0000000008067af8      0x720 contiki-native.a(rpl-dag.o)
                                        0x738 (size before relaxing)
 .eh_frame      0x0000000008068218      0x22c contiki-native.a(rpl-timers.o)
                                        0x244 (size before relaxing)
 .eh_frame      0x0000000008068444       0xa0 contiki-native.a(rpl-ext-header.)
                                         0xb8 (size before relaxing)
 .eh_frame      0x00000000080684e4      0x140 contiki-native.a(rpl.o)
                                        0x158 (size before relaxing)
 .eh_frame      0x0000000008068624      0x124 contiki-native.a(rpl-mrhof.o)
                                        0x13c (size before relaxing)
 .eh_frame      0x0000000008068748      0x298 contiki-native.a(rpl-icmp6.o)
                                        0x2b0 (size before relaxing)
 .eh_frame      0x00000000080689e0      0x1a0 contiki-native.a(queuebuf.o)
                                        0x1b8 (size before relaxing)
 .eh_frame      0x0000000008068b80      0x2ac contiki-native.a(nbr-table.o)
                                        0x2c4 (size before relaxing)
 .eh_frame      0x0000000008068e2c      0x2b4 contiki-native.a(packetbuf.o)
                                        0x2cc (size before relaxing)
 .eh_frame      0x00000000080690e0       0x20 contiki-native.a(netstack.o)
                                         0x38 (size before relaxing)
 .eh_frame      0x0000000008069100       0x60 contiki-native.a(linkaddr.o)
                                         0x78 (size before relaxing)
 .eh_frame      0x0000000008069160       0xe0 contiki-native.a(link-stats.o)
                                         0xf8 (size before relaxing)
 .eh_frame      0x0000000008069240       0xc0 contiki-native.a(nullmac.o)
                                         0xd8 (size before relaxing)
 .eh_frame      0x0000000008069300       0x88 contiki-native.a(framer-802154.o)
                                         0xa0 (size before relaxing)
 .eh_frame      0x0000000008069388      0x1a4 contiki-native.a(frame802154.o)
                                        0x1bc (size before relaxing)
 .eh_frame      0x000000000806952c      0x108 contiki-native.a(nullrdc.o)
                                        0x120 (size before relaxing)
 .eh_frame      0x0000000008069634       0x60 contiki-native.a(nullsec.o)
                                         0x78 (size before relaxing)
 .eh_frame      0x0000000008069694       0x64 contiki-native.a(clock.o)
                                         0x7c (size before relaxing)
 .eh_frame      0x00000000080696f8       0x60 contiki-native.a(rtimer-arch.o)
                                         0x78 (size before relaxing)
 .eh_frame      0x0000000008069758       0x9c contiki-native.a(watchdog.o)
                                         0xb4 (size before relaxing)
 .eh_frame      0x00000000080697f4       0xc4 contiki-native.a(stimer.o)
                                         0xdc (size before relaxing)
 .eh_frame      0x00000000080698b8      0x1c0 contiki-native.a(nullradio.o)
                                        0x1d8 (size before relaxing)
 .eh_frame      0x0000000008069a78       0xa0 contiki-native.a(memb.o)
                                         0xb8 (size before relaxing)
 .eh_frame      0x0000000008069b18       0x40 contiki-native.a(random.o)
                                         0x58 (size before relaxing)
 .eh_frame      0x0000000008069b58      0x15c contiki-native.a(uip-icmp6.o)
                                        0x174 (size before relaxing)
 .eh_frame      0x0000000008069cb4       0xc0 contiki-native.a(rpl-nbr-policy.)
                                         0xd8 (size before relaxing)
 .eh_frame      0x0000000008069d74       0x20 contiki-native.a(mac.o)
                                         0x38 (size before relaxing)
 .eh_frame      0x0000000008069d94       0x60 /usr/lib/i386-linux-gnu/libc_nonshared.a(elf-init.oS)
                                         0x8c (size before relaxing)
 .eh_frame      0x0000000008069df4        0x4 /usr/lib/gcc/i686-linux-gnu/4.8/crtend.o
 *(.eh_frame.*)

.gcc_except_table
 *(.gcc_except_table .gcc_except_table.*)

.gnu_extab
 *(.gnu_extab*)

.exception_ranges
 *(.exception_ranges .exception_ranges*)
                0x000000000806af08                . = DATA_SEGMENT_ALIGN (0x1000, 0x1000)

.eh_frame
 *(.eh_frame)
 *(.eh_frame.*)

.gnu_extab
 *(.gnu_extab)

.gcc_except_table
 *(.gcc_except_table .gcc_except_table.*)

.exception_ranges
 *(.exception_ranges .exception_ranges*)

.tdata
 *(.tdata .tdata.* .gnu.linkonce.td.*)

.tbss
 *(.tbss .tbss.* .gnu.linkonce.tb.*)
 *(.tcommon)

.preinit_array  0x000000000806af08        0x0
                [!provide]                        PROVIDE (__preinit_array_start, .)
 *(.preinit_array)
                [!provide]                        PROVIDE (__preinit_array_end, .)

.init_array     0x000000000806af08        0x4
                0x000000000806af08                PROVIDE (__init_array_start, .)
 *(SORT(.init_array.*) SORT(.ctors.*))
 *(.init_array EXCLUDE_FILE(*crtend?.o *crtend.o *crtbegin?.o *crtbegin.o) .ctors)
 .init_array    0x000000000806af08        0x4 /usr/lib/gcc/i686-linux-gnu/4.8/crtbegin.o
                0x000000000806af0c                PROVIDE (__init_array_end, .)

.fini_array     0x000000000806af0c        0x4
                [!provide]                        PROVIDE (__fini_array_start, .)
 *(SORT(.fini_array.*) SORT(.dtors.*))
 *(.fini_array EXCLUDE_FILE(*crtend?.o *crtend.o *crtbegin?.o *crtbegin.o) .dtors)
 .fini_array    0x000000000806af0c        0x4 /usr/lib/gcc/i686-linux-gnu/4.8/crtbegin.o
                [!provide]                        PROVIDE (__fini_array_end, .)

.ctors
 *crtbegin.o(.ctors)
 *crtbegin?.o(.ctors)
 *(EXCLUDE_FILE(*crtend?.o *crtend.o) .ctors)
 *(SORT(.ctors.*))
 *(.ctors)

.dtors
 *crtbegin.o(.dtors)
 *crtbegin?.o(.dtors)
 *(EXCLUDE_FILE(*crtend?.o *crtend.o) .dtors)
 *(SORT(.dtors.*))
 *(.dtors)

.jcr            0x000000000806af10        0x4
 *(.jcr)
 .jcr           0x000000000806af10        0x0 /usr/lib/gcc/i686-linux-gnu/4.8/crtbegin.o
 .jcr           0x000000000806af10        0x4 /usr/lib/gcc/i686-linux-gnu/4.8/crtend.o

.data.rel.ro
 *(.data.rel.ro.local* .gnu.linkonce.d.rel.ro.local.*)
 *(.data.rel.ro .data.rel.ro.* .gnu.linkonce.d.rel.ro.*)

.dynamic        0x000000000806af14       0xe8
 *(.dynamic)
 .dynamic       0x000000000806af14       0xe8 /usr/lib/gcc/i686-linux-gnu/4.8/../../../i386-linux-gnu/crt1.o
                0x000000000806af14                _DYNAMIC

.got            0x000000000806affc        0x4
 *(.got)
 .got           0x000000000806affc        0x4 /usr/lib/gcc/i686-linux-gnu/4.8/../../../i386-linux-gnu/crt1.o
 *(.igot)
                0x000000000806bff4                . = DATA_SEGMENT_RELRO_END (., (SIZEOF (.got.plt) >= 0xc)?0xc:0x0)

.got.plt        0x000000000806b000       0x68
 *(.got.plt)
 .got.plt       0x000000000806b000       0x68 /usr/lib/gcc/i686-linux-gnu/4.8/../../../i386-linux-gnu/crt1.o
                0x000000000806b000                _GLOBAL_OFFSET_TABLE_
 *(.igot.plt)
 .igot.plt      0x000000000806b068        0x0 /usr/lib/gcc/i686-linux-gnu/4.8/../../../i386-linux-gnu/crt1.o

.data           0x000000000806b080      0x21c
 *(.data .data.* .gnu.linkonce.d.*)
 .data          0x000000000806b080        0x4 /usr/lib/gcc/i686-linux-gnu/4.8/../../../i386-linux-gnu/crt1.o
                0x000000000806b080                data_start
                0x000000000806b080                __data_start
 .data          0x000000000806b084        0x0 /usr/lib/gcc/i686-linux-gnu/4.8/../../../i386-linux-gnu/crti.o
 .data          0x000000000806b084        0x4 /usr/lib/gcc/i686-linux-gnu/4.8/crtbegin.o
                0x000000000806b084                __dso_handle
 .data          0x000000000806b088       0x10 common.co
                0x000000000806b088                mqtt_fsm_process
 .data          0x000000000806b098       0x1c obj_native/mote-impl.o
                0x000000000806b098                DEFAULT_TYPE_ID
                0x000000000806b09c                auth_token
                0x000000000806b0a0                broker_ip
                0x000000000806b0a4                org_id
                0x000000000806b0a8                client_id
                0x000000000806b0ac                pub_topic
                0x000000000806b0b0                sub_topic
 .data          0x000000000806b0b4       0x14 contiki-native.a(mqtt.o)
                0x000000000806b0b8                mqtt_process
 .data          0x000000000806b0c8       0x18 contiki-native.a(contiki-main.o)
                0x000000000806b0c8                sensors
 .data          0x000000000806b0e0        0x0 contiki-native.a(button-sensor.o)
 .data          0x000000000806b0e0        0x0 contiki-native.a(pir-sensor.o)
 .data          0x000000000806b0e0        0x0 contiki-native.a(vib-sensor.o)
 .data          0x000000000806b0e0       0x10 contiki-native.a(sensors.o)
                0x000000000806b0e0                sensors_process
 .data          0x000000000806b0f0        0x0 contiki-native.a(autostart.o)
 .data          0x000000000806b0f0       0x10 contiki-native.a(etimer.o)
                0x000000000806b0f0                etimer_process
 .data          0x000000000806b100       0x14 contiki-native.a(ctimer.o)
                0x000000000806b104                ctimer_process
 .data          0x000000000806b114        0x0 contiki-native.a(process.o)
 .data          0x000000000806b114        0x0 contiki-native.a(rtimer.o)
 .data          0x000000000806b114        0x0 contiki-native.a(timer.o)
 .data          0x000000000806b114       0x10 contiki-native.a(serial-line.o)
                0x000000000806b114                serial_line_process
 .data          0x000000000806b124        0x0 contiki-native.a(ringbuf.o)
 .data          0x000000000806b124        0x0 contiki-native.a(list.o)
 .data          0x000000000806b124        0x0 contiki-native.a(uip-ds6.o)
 .data          0x000000000806b124       0x44 contiki-native.a(uip-ds6-route.o)
                0x000000000806b134                nbr_routes
 .data          0x000000000806b168        0x0 contiki-native.a(uip6.o)
 .data          0x000000000806b168       0x14 contiki-native.a(uip-ds6-nbr.o)
                0x000000000806b178                ds6_neighbors
 .data          0x000000000806b17c        0xc contiki-native.a(uip-nd6.o)
 .data          0x000000000806b188        0x0 contiki-native.a(sicslowpan.o)
 .data          0x000000000806b188        0xc contiki-native.a(uip-packetqueue)
 .data          0x000000000806b194       0x14 contiki-native.a(tcp-socket.o)
                0x000000000806b198                tcp_socket_process
 .data          0x000000000806b1a8       0x10 contiki-native.a(tcpip.o)
                0x000000000806b1a8                tcpip_process
 .data          0x000000000806b1b8        0x0 contiki-native.a(uiplib.o)
 .data          0x000000000806b1b8        0x0 contiki-native.a(uip-debug.o)
 .data          0x000000000806b1b8       0x14 contiki-native.a(rpl-dag.o)
                0x000000000806b1c8                rpl_parents
 .data          0x000000000806b1cc        0x0 contiki-native.a(rpl-timers.o)
 .data          0x000000000806b1cc        0x0 contiki-native.a(rpl-ext-header.)
 .data          0x000000000806b1cc        0x0 contiki-native.a(rpl.o)
 *fill*         0x000000000806b1cc       0x14 
 .data          0x000000000806b1e0       0x24 contiki-native.a(rpl-mrhof.o)
                0x000000000806b1e0                rpl_mrhof
 .data          0x000000000806b204       0x34 contiki-native.a(rpl-icmp6.o)
 .data          0x000000000806b238       0x18 contiki-native.a(queuebuf.o)
 .data          0x000000000806b250       0x10 contiki-native.a(nbr-table.o)
 .data          0x000000000806b260        0x4 contiki-native.a(packetbuf.o)
 .data          0x000000000806b264        0x0 contiki-native.a(netstack.o)
 .data          0x000000000806b264        0x0 contiki-native.a(linkaddr.o)
 .data          0x000000000806b264       0x14 contiki-native.a(link-stats.o)
 .data          0x000000000806b278        0x0 contiki-native.a(nullmac.o)
 .data          0x000000000806b278        0x0 contiki-native.a(framer-802154.o)
 .data          0x000000000806b278        0x2 contiki-native.a(frame802154.o)
 .data          0x000000000806b27a        0x0 contiki-native.a(nullrdc.o)
 .data          0x000000000806b27a        0x0 contiki-native.a(nullsec.o)
 .data          0x000000000806b27a        0x0 contiki-native.a(clock.o)
 .data          0x000000000806b27a        0x0 contiki-native.a(rtimer-arch.o)
 .data          0x000000000806b27a        0x0 contiki-native.a(watchdog.o)
 .data          0x000000000806b27a        0x0 contiki-native.a(stimer.o)
 .data          0x000000000806b27a        0x0 contiki-native.a(nullradio.o)
 .data          0x000000000806b27a        0x0 contiki-native.a(memb.o)
 .data          0x000000000806b27a        0x0 contiki-native.a(random.o)
 *fill*         0x000000000806b27a        0x2 
 .data          0x000000000806b27c       0x20 contiki-native.a(uip-icmp6.o)
 .data          0x000000000806b29c        0x0 contiki-native.a(rpl-nbr-policy.)
 .data          0x000000000806b29c        0x0 contiki-native.a(mac.o)
 .data          0x000000000806b29c        0x0 /usr/lib/i386-linux-gnu/libc_nonshared.a(elf-init.oS)
 .data          0x000000000806b29c        0x0 /usr/lib/gcc/i686-linux-gnu/4.8/crtend.o
 .data          0x000000000806b29c        0x0 /usr/lib/gcc/i686-linux-gnu/4.8/../../../i386-linux-gnu/crtn.o

.tm_clone_table
                0x000000000806b29c        0x0
 .tm_clone_table
                0x000000000806b29c        0x0 /usr/lib/gcc/i686-linux-gnu/4.8/crtbegin.o
 .tm_clone_table
                0x000000000806b29c        0x0 /usr/lib/gcc/i686-linux-gnu/4.8/crtend.o

.data1
 *(.data1)
                0x000000000806b29c                _edata = .
                [!provide]                        PROVIDE (edata, .)
                0x000000000806b29c                . = .
                0x000000000806b29c                __bss_start = .

.bss            0x000000000806b2a0     0x3d40
 *(.dynbss)
 .dynbss        0x000000000806b2a0        0x8 /usr/lib/gcc/i686-linux-gnu/4.8/../../../i386-linux-gnu/crt1.o
                0x000000000806b2a0                stderr@@GLIBC_2.0
                0x000000000806b2a4                stdout@@GLIBC_2.0
 *(.bss .bss.* .gnu.linkonce.b.*)
 .bss           0x000000000806b2a8        0x0 /usr/lib/gcc/i686-linux-gnu/4.8/../../../i386-linux-gnu/crt1.o
 .bss           0x000000000806b2a8        0x0 /usr/lib/gcc/i686-linux-gnu/4.8/../../../i386-linux-gnu/crti.o
 .bss           0x000000000806b2a8        0x1 /usr/lib/gcc/i686-linux-gnu/4.8/crtbegin.o
 *fill*         0x000000000806b2a9       0x17 
 .bss           0x000000000806b2c0      0x7b1 common.co
 *fill*         0x000000000806ba71        0x3 
 .bss           0x000000000806ba74       0x14 obj_native/mote-impl.o
 .bss           0x000000000806ba88       0x15 contiki-native.a(mqtt.o)
 *fill*         0x000000000806ba9d        0x3 
 .bss           0x000000000806baa0       0x44 contiki-native.a(contiki-main.o)
                0x000000000806baa0                contiki_argc
 .bss           0x000000000806bae4        0x0 contiki-native.a(button-sensor.o)
 .bss           0x000000000806bae4        0x4 contiki-native.a(pir-sensor.o)
 .bss           0x000000000806bae8        0x4 contiki-native.a(vib-sensor.o)
 .bss           0x000000000806baec        0xc contiki-native.a(sensors.o)
 .bss           0x000000000806baf8        0x0 contiki-native.a(autostart.o)
 .bss           0x000000000806baf8        0x8 contiki-native.a(etimer.o)
 .bss           0x000000000806bb00        0x5 contiki-native.a(ctimer.o)
 *fill*         0x000000000806bb05       0x1b 
 .bss           0x000000000806bb20      0x1a1 contiki-native.a(process.o)
                0x000000000806bb20                process_list
                0x000000000806bb24                process_current
 *fill*         0x000000000806bcc1        0x3 
 .bss           0x000000000806bcc4        0x4 contiki-native.a(rtimer.o)
 .bss           0x000000000806bcc8        0x0 contiki-native.a(timer.o)
 *fill*         0x000000000806bcc8       0x18 
 .bss           0x000000000806bce0      0x140 contiki-native.a(serial-line.o)
 .bss           0x000000000806be20        0x0 contiki-native.a(ringbuf.o)
 .bss           0x000000000806be20        0x0 contiki-native.a(list.o)
 .bss           0x000000000806be20       0x20 contiki-native.a(uip-ds6.o)
 .bss           0x000000000806be40      0x744 contiki-native.a(uip-ds6-route.o)
 .bss           0x000000000806c584        0xa contiki-native.a(uip6.o)
                0x000000000806c584                uip_ext_bitmap
                0x000000000806c585                uip_ext_len
                0x000000000806c586                uip_ext_opt_offset
 *fill*         0x000000000806c58e       0x12 
 .bss           0x000000000806c5a0      0x2d0 contiki-native.a(uip-ds6-nbr.o)
 .bss           0x000000000806c870       0x10 contiki-native.a(uip-nd6.o)
 .bss           0x000000000806c880      0x70c contiki-native.a(sicslowpan.o)
 *fill*         0x000000000806cf8c       0x14 
 .bss           0x000000000806cfa0      0x3c0 contiki-native.a(uip-packetqueue)
 .bss           0x000000000806d360        0x5 contiki-native.a(tcp-socket.o)
 *fill*         0x000000000806d365       0x1b 
 .bss           0x000000000806d380      0x168 contiki-native.a(tcpip.o)
 .bss           0x000000000806d4e8        0x0 contiki-native.a(uiplib.o)
 .bss           0x000000000806d4e8        0x0 contiki-native.a(uip-debug.o)
 *fill*         0x000000000806d4e8       0x18 
 .bss           0x000000000806d500       0xf0 contiki-native.a(rpl-dag.o)
 *fill*         0x000000000806d5f0       0x10 
 .bss           0x000000000806d600       0x23 contiki-native.a(rpl-timers.o)
 .bss           0x000000000806d623        0x0 contiki-native.a(rpl-ext-header.)
 *fill*         0x000000000806d623        0x1 
 .bss           0x000000000806d624        0x4 contiki-native.a(rpl.o)
 .bss           0x000000000806d628        0x0 contiki-native.a(rpl-mrhof.o)
 .bss           0x000000000806d628        0x0 contiki-native.a(rpl-icmp6.o)
 *fill*         0x000000000806d628       0x18 
 .bss           0x000000000806d640      0x5e0 contiki-native.a(queuebuf.o)
 .bss           0x000000000806dc20      0x20c contiki-native.a(nbr-table.o)
 *fill*         0x000000000806de2c       0x14 
 .bss           0x000000000806de40       0xa0 contiki-native.a(packetbuf.o)
 .bss           0x000000000806dee0        0x0 contiki-native.a(netstack.o)
 .bss           0x000000000806dee0        0x0 contiki-native.a(linkaddr.o)
 .bss           0x000000000806dee0      0x168 contiki-native.a(link-stats.o)
 .bss           0x000000000806e048        0x0 contiki-native.a(nullmac.o)
 .bss           0x000000000806e048        0x2 contiki-native.a(framer-802154.o)
 .bss           0x000000000806e04a        0x0 contiki-native.a(frame802154.o)
 .bss           0x000000000806e04a        0x0 contiki-native.a(nullrdc.o)
 .bss           0x000000000806e04a        0x0 contiki-native.a(nullsec.o)
 .bss           0x000000000806e04a        0x0 contiki-native.a(clock.o)
 .bss           0x000000000806e04a        0x0 contiki-native.a(rtimer-arch.o)
 .bss           0x000000000806e04a        0x0 contiki-native.a(watchdog.o)
 .bss           0x000000000806e04a        0x0 contiki-native.a(stimer.o)
 .bss           0x000000000806e04a        0x0 contiki-native.a(nullradio.o)
 .bss           0x000000000806e04a        0x0 contiki-native.a(memb.o)
 .bss           0x000000000806e04a        0x0 contiki-native.a(random.o)
 *fill*         0x000000000806e04a        0x2 
 .bss           0x000000000806e04c       0x18 contiki-native.a(uip-icmp6.o)
 *fill*         0x000000000806e064       0x1c 
 .bss           0x000000000806e080       0x44 contiki-native.a(rpl-nbr-policy.)
 .bss           0x000000000806e0c4        0x0 contiki-native.a(mac.o)
 .bss           0x000000000806e0c4        0x0 /usr/lib/i386-linux-gnu/libc_nonshared.a(elf-init.oS)
 .bss           0x000000000806e0c4        0x0 /usr/lib/gcc/i686-linux-gnu/4.8/crtend.o
 .bss           0x000000000806e0c4        0x0 /usr/lib/gcc/i686-linux-gnu/4.8/../../../i386-linux-gnu/crtn.o
 *(COMMON)
 COMMON         0x000000000806e0c4        0x1 contiki-native.a(mqtt.o)
                0x000000000806e0c4                mqtt_update_event
 *fill*         0x000000000806e0c5        0x3 
 COMMON         0x000000000806e0c8        0x8 contiki-native.a(contiki-main.o)
                0x000000000806e0c8                contiki_argv
                0x000000000806e0cc                sensors_flags
 COMMON         0x000000000806e0d0        0x1 contiki-native.a(sensors.o)
                0x000000000806e0d0                sensors_event
 COMMON         0x000000000806e0d1        0x1 contiki-native.a(serial-line.o)
                0x000000000806e0d1                serial_line_event_message
 *fill*         0x000000000806e0d2        0xe 
 COMMON         0x000000000806e0e0      0x181 contiki-native.a(uip-ds6.o)
                0x000000000806e0e0                uip_ds6_prefix_list
                0x000000000806e140                uip_ds6_timer_periodic
                0x000000000806e150                uip_ds6_netif_addr_list_offset
                0x000000000806e160                uip_ds6_if
                0x000000000806e258                uip_ds6_timer_ra
                0x000000000806e260                uip_ds6_addr_size
 *fill*         0x000000000806e261       0x1f 
 COMMON         0x000000000806e280      0xb6c contiki-native.a(uip6.o)
                0x000000000806e280                uip_slen
                0x000000000806e282                uip_acc32
                0x000000000806e2a0                uip_conns
                0x000000000806ea20                uip_icmp6_conns
                0x000000000806ea28                uip_lladdr
                0x000000000806ea30                uip_appdata
                0x000000000806ea34                uip_flags
                0x000000000806ea40                uip_aligned_buf
                0x000000000806ec00                uip_listenports
                0x000000000806ec50                uip_len
                0x000000000806ec54                uip_sappdata
                0x000000000806ec60                uip_udp_conns
                0x000000000806ede0                uip_udp_conn
                0x000000000806ede4                uip_next_hdr
                0x000000000806ede8                uip_conn
 COMMON         0x000000000806edec        0x2 contiki-native.a(tcpip.o)
                0x000000000806edec                tcpip_icmp6_event
                0x000000000806eded                tcpip_event
 *fill*         0x000000000806edee       0x12 
 COMMON         0x000000000806ee00      0x174 contiki-native.a(rpl-dag.o)
                0x000000000806ee00                default_instance
                0x000000000806ee20                instance_table
 COMMON         0x000000000806ef74       0x2e contiki-native.a(packetbuf.o)
                0x000000000806ef74                packetbuf_attrs
                0x000000000806ef92                packetbuf_addrs
 COMMON         0x000000000806efa2        0x8 contiki-native.a(linkaddr.o)
                0x000000000806efa2                linkaddr_node_addr
 *fill*         0x000000000806efaa       0x16 
 COMMON         0x000000000806efc0       0x20 contiki-native.a(link-stats.o)
                0x000000000806efc0                periodic_timer
                0x000000000806efe0                . = ALIGN ((. != 0x0)?0x4:0x1)
                0x000000000806efe0                . = ALIGN (0x4)
                0x000000000806efe0                . = SEGMENT_START ("ldata-segment", .)
                0x000000000806efe0                . = ALIGN (0x4)
                0x000000000806efe0                _end = .
                [!provide]                        PROVIDE (end, .)
                0x000000000806efe0                . = DATA_SEGMENT_END (.)

.stab
 *(.stab)

.stabstr
 *(.stabstr)

.stab.excl
 *(.stab.excl)

.stab.exclstr
 *(.stab.exclstr)

.stab.index
 *(.stab.index)

.stab.indexstr
 *(.stab.indexstr)

.comment        0x0000000000000000       0x2b
 *(.comment)
 .comment       0x0000000000000000       0x2b /usr/lib/gcc/i686-linux-gnu/4.8/crtbegin.o
                                         0x2c (size before relaxing)
 .comment       0x000000000000002b       0x2c common.co
 .comment       0x000000000000002b       0x2c obj_native/mote-impl.o
 .comment       0x000000000000002b       0x2c contiki-native.a(mqtt.o)
 .comment       0x000000000000002b       0x2c contiki-native.a(contiki-main.o)
 .comment       0x000000000000002b       0x2c contiki-native.a(button-sensor.o)
 .comment       0x000000000000002b       0x2c contiki-native.a(pir-sensor.o)
 .comment       0x000000000000002b       0x2c contiki-native.a(vib-sensor.o)
 .comment       0x000000000000002b       0x2c contiki-native.a(sensors.o)
 .comment       0x000000000000002b       0x2c contiki-native.a(autostart.o)
 .comment       0x000000000000002b       0x2c contiki-native.a(etimer.o)
 .comment       0x000000000000002b       0x2c contiki-native.a(ctimer.o)
 .comment       0x000000000000002b       0x2c contiki-native.a(process.o)
 .comment       0x000000000000002b       0x2c contiki-native.a(rtimer.o)
 .comment       0x000000000000002b       0x2c contiki-native.a(timer.o)
 .comment       0x000000000000002b       0x2c contiki-native.a(serial-line.o)
 .comment       0x000000000000002b       0x2c contiki-native.a(ringbuf.o)
 .comment       0x000000000000002b       0x2c contiki-native.a(list.o)
 .comment       0x000000000000002b       0x2c contiki-native.a(uip-ds6.o)
 .comment       0x000000000000002b       0x2c contiki-native.a(uip-ds6-route.o)
 .comment       0x000000000000002b       0x2c contiki-native.a(uip6.o)
 .comment       0x000000000000002b       0x2c contiki-native.a(uip-ds6-nbr.o)
 .comment       0x000000000000002b       0x2c contiki-native.a(uip-nd6.o)
 .comment       0x000000000000002b       0x2c contiki-native.a(sicslowpan.o)
 .comment       0x000000000000002b       0x2c contiki-native.a(uip-packetqueue)
 .comment       0x000000000000002b       0x2c contiki-native.a(tcp-socket.o)
 .comment       0x000000000000002b       0x2c contiki-native.a(tcpip.o)
 .comment       0x000000000000002b       0x2c contiki-native.a(uiplib.o)
 .comment       0x000000000000002b       0x2c contiki-native.a(uip-debug.o)
 .comment       0x000000000000002b       0x2c contiki-native.a(rpl-dag.o)
 .comment       0x000000000000002b       0x2c contiki-native.a(rpl-timers.o)
 .comment       0x000000000000002b       0x2c contiki-native.a(rpl-ext-header.)
 .comment       0x000000000000002b       0x2c contiki-native.a(rpl.o)
 .comment       0x000000000000002b       0x2c contiki-native.a(rpl-mrhof.o)
 .comment       0x000000000000002b       0x2c contiki-native.a(rpl-icmp6.o)
 .comment       0x000000000000002b       0x2c contiki-native.a(queuebuf.o)
 .comment       0x000000000000002b       0x2c contiki-native.a(nbr-table.o)
 .comment       0x000000000000002b       0x2c contiki-native.a(packetbuf.o)
 .comment       0x000000000000002b       0x2c contiki-native.a(netstack.o)
 .comment       0x000000000000002b       0x2c contiki-native.a(linkaddr.o)
 .comment       0x000000000000002b       0x2c contiki-native.a(link-stats.o)
 .comment       0x000000000000002b       0x2c contiki-native.a(nullmac.o)
 .comment       0x000000000000002b       0x2c contiki-native.a(framer-802154.o)
 .comment       0x000000000000002b       0x2c contiki-native.a(frame802154.o)
 .comment       0x000000000000002b       0x2c contiki-native.a(nullrdc.o)
 .comment       0x000000000000002b       0x2c contiki-native.a(nullsec.o)
 .comment       0x000000000000002b       0x2c contiki-native.a(clock.o)
 .comment       0x000000000000002b       0x2c contiki-native.a(rtimer-arch.o)
 .comment       0x000000000000002b       0x2c contiki-native.a(watchdog.o)
 .comment       0x000000000000002b       0x2c contiki-native.a(stimer.o)
 .comment       0x000000000000002b       0x2c contiki-native.a(nullradio.o)
 .comment       0x000000000000002b       0x2c contiki-native.a(memb.o)
 .comment       0x000000000000002b       0x2c contiki-native.a(random.o)
 .comment       0x000000000000002b       0x2c contiki-native.a(uip-icmp6.o)
 .comment       0x000000000000002b       0x2c contiki-native.a(rpl-nbr-policy.)
 .comment       0x000000000000002b       0x2c contiki-native.a(mac.o)
 .comment       0x000000000000002b       0x2c /usr/lib/gcc/i686-linux-gnu/4.8/crtend.o

.debug
 *(.debug)

.line
 *(.line)

.debug_srcinfo
 *(.debug_srcinfo)

.debug_sfnames
 *(.debug_sfnames)

.debug_aranges  0x0000000000000000      0x6e0
 *(.debug_aranges)
 .debug_aranges
                0x0000000000000000       0x20 common.co
 .debug_aranges
                0x0000000000000020       0x20 obj_native/mote-impl.o
 .debug_aranges
                0x0000000000000040       0x20 contiki-native.a(mqtt.o)
 .debug_aranges
                0x0000000000000060       0x20 contiki-native.a(contiki-main.o)
 .debug_aranges
                0x0000000000000080       0x20 contiki-native.a(button-sensor.o)
 .debug_aranges
                0x00000000000000a0       0x20 contiki-native.a(pir-sensor.o)
 .debug_aranges
                0x00000000000000c0       0x20 contiki-native.a(vib-sensor.o)
 .debug_aranges
                0x00000000000000e0       0x20 contiki-native.a(sensors.o)
 .debug_aranges
                0x0000000000000100       0x20 contiki-native.a(autostart.o)
 .debug_aranges
                0x0000000000000120       0x20 contiki-native.a(etimer.o)
 .debug_aranges
                0x0000000000000140       0x20 contiki-native.a(ctimer.o)
 .debug_aranges
                0x0000000000000160       0x20 contiki-native.a(process.o)
 .debug_aranges
                0x0000000000000180       0x20 contiki-native.a(rtimer.o)
 .debug_aranges
                0x00000000000001a0       0x20 contiki-native.a(timer.o)
 .debug_aranges
                0x00000000000001c0       0x20 contiki-native.a(serial-line.o)
 .debug_aranges
                0x00000000000001e0       0x20 contiki-native.a(ringbuf.o)
 .debug_aranges
                0x0000000000000200       0x20 contiki-native.a(list.o)
 .debug_aranges
                0x0000000000000220       0x20 contiki-native.a(uip-ds6.o)
 .debug_aranges
                0x0000000000000240       0x20 contiki-native.a(uip-ds6-route.o)
 .debug_aranges
                0x0000000000000260       0x20 contiki-native.a(uip6.o)
 .debug_aranges
                0x0000000000000280       0x20 contiki-native.a(uip-ds6-nbr.o)
 .debug_aranges
                0x00000000000002a0       0x20 contiki-native.a(uip-nd6.o)
 .debug_aranges
                0x00000000000002c0       0x20 contiki-native.a(sicslowpan.o)
 .debug_aranges
                0x00000000000002e0       0x20 contiki-native.a(uip-packetqueue)
 .debug_aranges
                0x0000000000000300       0x20 contiki-native.a(tcp-socket.o)
 .debug_aranges
                0x0000000000000320       0x20 contiki-native.a(tcpip.o)
 .debug_aranges
                0x0000000000000340       0x20 contiki-native.a(uiplib.o)
 .debug_aranges
                0x0000000000000360       0x20 contiki-native.a(uip-debug.o)
 .debug_aranges
                0x0000000000000380       0x20 contiki-native.a(rpl-dag.o)
 .debug_aranges
                0x00000000000003a0       0x20 contiki-native.a(rpl-timers.o)
 .debug_aranges
                0x00000000000003c0       0x20 contiki-native.a(rpl-ext-header.)
 .debug_aranges
                0x00000000000003e0       0x20 contiki-native.a(rpl.o)
 .debug_aranges
                0x0000000000000400       0x20 contiki-native.a(rpl-mrhof.o)
 .debug_aranges
                0x0000000000000420       0x20 contiki-native.a(rpl-icmp6.o)
 .debug_aranges
                0x0000000000000440       0x20 contiki-native.a(queuebuf.o)
 .debug_aranges
                0x0000000000000460       0x20 contiki-native.a(nbr-table.o)
 .debug_aranges
                0x0000000000000480       0x20 contiki-native.a(packetbuf.o)
 .debug_aranges
                0x00000000000004a0       0x20 contiki-native.a(netstack.o)
 .debug_aranges
                0x00000000000004c0       0x20 contiki-native.a(linkaddr.o)
 .debug_aranges
                0x00000000000004e0       0x20 contiki-native.a(link-stats.o)
 .debug_aranges
                0x0000000000000500       0x20 contiki-native.a(nullmac.o)
 .debug_aranges
                0x0000000000000520       0x20 contiki-native.a(framer-802154.o)
 .debug_aranges
                0x0000000000000540       0x20 contiki-native.a(frame802154.o)
 .debug_aranges
                0x0000000000000560       0x20 contiki-native.a(nullrdc.o)
 .debug_aranges
                0x0000000000000580       0x20 contiki-native.a(nullsec.o)
 .debug_aranges
                0x00000000000005a0       0x20 contiki-native.a(clock.o)
 .debug_aranges
                0x00000000000005c0       0x20 contiki-native.a(rtimer-arch.o)
 .debug_aranges
                0x00000000000005e0       0x20 contiki-native.a(watchdog.o)
 .debug_aranges
                0x0000000000000600       0x20 contiki-native.a(stimer.o)
 .debug_aranges
                0x0000000000000620       0x20 contiki-native.a(nullradio.o)
 .debug_aranges
                0x0000000000000640       0x20 contiki-native.a(memb.o)
 .debug_aranges
                0x0000000000000660       0x20 contiki-native.a(random.o)
 .debug_aranges
                0x0000000000000680       0x20 contiki-native.a(uip-icmp6.o)
 .debug_aranges
                0x00000000000006a0       0x20 contiki-native.a(rpl-nbr-policy.)
 .debug_aranges
                0x00000000000006c0       0x20 contiki-native.a(mac.o)

.debug_pubnames
 *(.debug_pubnames)

.debug_info     0x0000000000000000    0x17db8
 *(.debug_info .gnu.linkonce.wi.*)
 .debug_info    0x0000000000000000      0xd22 common.co
 .debug_info    0x0000000000000d22      0x32d obj_native/mote-impl.o
 .debug_info    0x000000000000104f     0x16ab contiki-native.a(mqtt.o)
 .debug_info    0x00000000000026fa      0xb7f contiki-native.a(contiki-main.o)
 .debug_info    0x0000000000003279      0x199 contiki-native.a(button-sensor.o)
 .debug_info    0x0000000000003412      0x1bb contiki-native.a(pir-sensor.o)
 .debug_info    0x00000000000035cd      0x1a8 contiki-native.a(vib-sensor.o)
 .debug_info    0x0000000000003775      0x36d contiki-native.a(sensors.o)
 .debug_info    0x0000000000003ae2      0x1ac contiki-native.a(autostart.o)
 .debug_info    0x0000000000003c8e      0x4a3 contiki-native.a(etimer.o)
 .debug_info    0x0000000000004131      0x473 contiki-native.a(ctimer.o)
 .debug_info    0x00000000000045a4      0x4ab contiki-native.a(process.o)
 .debug_info    0x0000000000004a4f      0x1b2 contiki-native.a(rtimer.o)
 .debug_info    0x0000000000004c01      0x17a contiki-native.a(timer.o)
 .debug_info    0x0000000000004d7b      0x2de contiki-native.a(serial-line.o)
 .debug_info    0x0000000000005059      0x1b8 contiki-native.a(ringbuf.o)
 .debug_info    0x0000000000005211      0x2ed contiki-native.a(list.o)
 .debug_info    0x00000000000054fe      0xa4b contiki-native.a(uip-ds6.o)
 .debug_info    0x0000000000005f49      0xd43 contiki-native.a(uip-ds6-route.o)
 .debug_info    0x0000000000006c8c      0xeaf contiki-native.a(uip6.o)
 .debug_info    0x0000000000007b3b      0x7b8 contiki-native.a(uip-ds6-nbr.o)
 .debug_info    0x00000000000082f3      0x80e contiki-native.a(uip-nd6.o)
 .debug_info    0x0000000000008b01      0xf20 contiki-native.a(sicslowpan.o)
 .debug_info    0x0000000000009a21      0x470 contiki-native.a(uip-packetqueue)
 .debug_info    0x0000000000009e91      0x948 contiki-native.a(tcp-socket.o)
 .debug_info    0x000000000000a7d9     0x13e6 contiki-native.a(tcpip.o)
 .debug_info    0x000000000000bbbf      0x231 contiki-native.a(uiplib.o)
 .debug_info    0x000000000000bdf0      0x13b contiki-native.a(uip-debug.o)
 .debug_info    0x000000000000bf2b     0x1b02 contiki-native.a(rpl-dag.o)
 .debug_info    0x000000000000da2d      0xcc0 contiki-native.a(rpl-timers.o)
 .debug_info    0x000000000000e6ed      0xea4 contiki-native.a(rpl-ext-header.)
 .debug_info    0x000000000000f591      0xce9 contiki-native.a(rpl.o)
 .debug_info    0x000000000001027a      0xa3d contiki-native.a(rpl-mrhof.o)
 .debug_info    0x0000000000010cb7     0x15e8 contiki-native.a(rpl-icmp6.o)
 .debug_info    0x000000000001229f      0x54f contiki-native.a(queuebuf.o)
 .debug_info    0x00000000000127ee      0x966 contiki-native.a(nbr-table.o)
 .debug_info    0x0000000000013154      0x554 contiki-native.a(packetbuf.o)
 .debug_info    0x00000000000136a8      0x4b9 contiki-native.a(netstack.o)
 .debug_info    0x0000000000013b61      0x165 contiki-native.a(linkaddr.o)
 .debug_info    0x0000000000013cc6      0x5fb contiki-native.a(link-stats.o)
 .debug_info    0x00000000000142c1      0x331 contiki-native.a(nullmac.o)
 .debug_info    0x00000000000145f2      0x4ac contiki-native.a(framer-802154.o)
 .debug_info    0x0000000000014a9e      0x72d contiki-native.a(frame802154.o)
 .debug_info    0x00000000000151cb      0x6df contiki-native.a(nullrdc.o)
 .debug_info    0x00000000000158aa      0x2bd contiki-native.a(nullsec.o)
 .debug_info    0x0000000000015b67      0x12c contiki-native.a(clock.o)
 .debug_info    0x0000000000015c93      0x171 contiki-native.a(rtimer-arch.o)
 .debug_info    0x0000000000015e04       0xcf contiki-native.a(watchdog.o)
 .debug_info    0x0000000000015ed3      0x187 contiki-native.a(stimer.o)
 .debug_info    0x000000000001605a      0x492 contiki-native.a(nullradio.o)
 .debug_info    0x00000000000164ec      0x1d7 contiki-native.a(memb.o)
 .debug_info    0x00000000000166c3       0xb3 contiki-native.a(random.o)
 .debug_info    0x0000000000016776      0x760 contiki-native.a(uip-icmp6.o)
 .debug_info    0x0000000000016ed6      0xdc9 contiki-native.a(rpl-nbr-policy.)
 .debug_info    0x0000000000017c9f      0x119 contiki-native.a(mac.o)

.debug_abbrev   0x0000000000000000     0x5ca1
 *(.debug_abbrev)
 .debug_abbrev  0x0000000000000000      0x22a common.co
 .debug_abbrev  0x000000000000022a      0x16b obj_native/mote-impl.o
 .debug_abbrev  0x0000000000000395      0x276 contiki-native.a(mqtt.o)
 .debug_abbrev  0x000000000000060b      0x277 contiki-native.a(contiki-main.o)
 .debug_abbrev  0x0000000000000882       0xbc contiki-native.a(button-sensor.o)
 .debug_abbrev  0x000000000000093e       0xdc contiki-native.a(pir-sensor.o)
 .debug_abbrev  0x0000000000000a1a       0xda contiki-native.a(vib-sensor.o)
 .debug_abbrev  0x0000000000000af4      0x1c2 contiki-native.a(sensors.o)
 .debug_abbrev  0x0000000000000cb6       0xfb contiki-native.a(autostart.o)
 .debug_abbrev  0x0000000000000db1      0x1f1 contiki-native.a(etimer.o)
 .debug_abbrev  0x0000000000000fa2      0x1a1 contiki-native.a(ctimer.o)
 .debug_abbrev  0x0000000000001143      0x244 contiki-native.a(process.o)
 .debug_abbrev  0x0000000000001387      0x124 contiki-native.a(rtimer.o)
 .debug_abbrev  0x00000000000014ab       0xf5 contiki-native.a(timer.o)
 .debug_abbrev  0x00000000000015a0      0x190 contiki-native.a(serial-line.o)
 .debug_abbrev  0x0000000000001730       0xdb contiki-native.a(ringbuf.o)
 .debug_abbrev  0x000000000000180b      0x145 contiki-native.a(list.o)
 .debug_abbrev  0x0000000000001950      0x23a contiki-native.a(uip-ds6.o)
 .debug_abbrev  0x0000000000001b8a      0x317 contiki-native.a(uip-ds6-route.o)
 .debug_abbrev  0x0000000000001ea1      0x2c9 contiki-native.a(uip6.o)
 .debug_abbrev  0x000000000000216a      0x226 contiki-native.a(uip-ds6-nbr.o)
 .debug_abbrev  0x0000000000002390      0x22e contiki-native.a(uip-nd6.o)
 .debug_abbrev  0x00000000000025be      0x27c contiki-native.a(sicslowpan.o)
 .debug_abbrev  0x000000000000283a      0x1d4 contiki-native.a(uip-packetqueue)
 .debug_abbrev  0x0000000000002a0e      0x23b contiki-native.a(tcp-socket.o)
 .debug_abbrev  0x0000000000002c49      0x362 contiki-native.a(tcpip.o)
 .debug_abbrev  0x0000000000002fab       0xda contiki-native.a(uiplib.o)
 .debug_abbrev  0x0000000000003085       0xad contiki-native.a(uip-debug.o)
 .debug_abbrev  0x0000000000003132      0x373 contiki-native.a(rpl-dag.o)
 .debug_abbrev  0x00000000000034a5      0x283 contiki-native.a(rpl-timers.o)
 .debug_abbrev  0x0000000000003728      0x233 contiki-native.a(rpl-ext-header.)
 .debug_abbrev  0x000000000000395b      0x25a contiki-native.a(rpl.o)
 .debug_abbrev  0x0000000000003bb5      0x1c4 contiki-native.a(rpl-mrhof.o)
 .debug_abbrev  0x0000000000003d79      0x353 contiki-native.a(rpl-icmp6.o)
 .debug_abbrev  0x00000000000040cc      0x1a4 contiki-native.a(queuebuf.o)
 .debug_abbrev  0x0000000000004270      0x1ef contiki-native.a(nbr-table.o)
 .debug_abbrev  0x000000000000445f      0x1d8 contiki-native.a(packetbuf.o)
 .debug_abbrev  0x0000000000004637      0x111 contiki-native.a(netstack.o)
 .debug_abbrev  0x0000000000004748       0xd8 contiki-native.a(linkaddr.o)
 .debug_abbrev  0x0000000000004820      0x1f7 contiki-native.a(link-stats.o)
 .debug_abbrev  0x0000000000004a17      0x17d contiki-native.a(nullmac.o)
 .debug_abbrev  0x0000000000004b94      0x12d contiki-native.a(framer-802154.o)
 .debug_abbrev  0x0000000000004cc1      0x1fb contiki-native.a(frame802154.o)
 .debug_abbrev  0x0000000000004ebc      0x243 contiki-native.a(nullrdc.o)
 .debug_abbrev  0x00000000000050ff      0x140 contiki-native.a(nullsec.o)
 .debug_abbrev  0x000000000000523f       0xa7 contiki-native.a(clock.o)
 .debug_abbrev  0x00000000000052e6       0xd3 contiki-native.a(rtimer-arch.o)
 .debug_abbrev  0x00000000000053b9       0x5a contiki-native.a(watchdog.o)
 .debug_abbrev  0x0000000000005413       0xd9 contiki-native.a(stimer.o)
 .debug_abbrev  0x00000000000054ec      0x153 contiki-native.a(nullradio.o)
 .debug_abbrev  0x000000000000563f       0xe4 contiki-native.a(memb.o)
 .debug_abbrev  0x0000000000005723       0x6d contiki-native.a(random.o)
 .debug_abbrev  0x0000000000005790      0x232 contiki-native.a(uip-icmp6.o)
 .debug_abbrev  0x00000000000059c2      0x23c contiki-native.a(rpl-nbr-policy.)
 .debug_abbrev  0x0000000000005bfe       0xa3 contiki-native.a(mac.o)

.debug_line     0x0000000000000000     0x6f98
 *(.debug_line .debug_line.* .debug_line_end)
 .debug_line    0x0000000000000000      0x1f0 common.co
 .debug_line    0x00000000000001f0       0xf1 obj_native/mote-impl.o
 .debug_line    0x00000000000002e1      0xa8b contiki-native.a(mqtt.o)
 .debug_line    0x0000000000000d6c      0x387 contiki-native.a(contiki-main.o)
 .debug_line    0x00000000000010f3       0x80 contiki-native.a(button-sensor.o)
 .debug_line    0x0000000000001173       0x80 contiki-native.a(pir-sensor.o)
 .debug_line    0x00000000000011f3       0x80 contiki-native.a(vib-sensor.o)
 .debug_line    0x0000000000001273      0x11f contiki-native.a(sensors.o)
 .debug_line    0x0000000000001392       0xaa contiki-native.a(autostart.o)
 .debug_line    0x000000000000143c      0x189 contiki-native.a(etimer.o)
 .debug_line    0x00000000000015c5      0x175 contiki-native.a(ctimer.o)
 .debug_line    0x000000000000173a      0x169 contiki-native.a(process.o)
 .debug_line    0x00000000000018a3       0x7f contiki-native.a(rtimer.o)
 .debug_line    0x0000000000001922       0xa8 contiki-native.a(timer.o)
 .debug_line    0x00000000000019ca      0x10c contiki-native.a(serial-line.o)
 .debug_line    0x0000000000001ad6       0xaa contiki-native.a(ringbuf.o)
 .debug_line    0x0000000000001b80      0x105 contiki-native.a(list.o)
 .debug_line    0x0000000000001c85      0x323 contiki-native.a(uip-ds6.o)
 .debug_line    0x0000000000001fa8      0x33b contiki-native.a(uip-ds6-route.o)
 .debug_line    0x00000000000022e3      0x771 contiki-native.a(uip6.o)
 .debug_line    0x0000000000002a54      0x21b contiki-native.a(uip-ds6-nbr.o)
 .debug_line    0x0000000000002c6f      0x266 contiki-native.a(uip-nd6.o)
 .debug_line    0x0000000000002ed5      0x6e1 contiki-native.a(sicslowpan.o)
 .debug_line    0x00000000000035b6      0x177 contiki-native.a(uip-packetqueue)
 .debug_line    0x000000000000372d      0x243 contiki-native.a(tcp-socket.o)
 .debug_line    0x0000000000003970      0x36b contiki-native.a(tcpip.o)
 .debug_line    0x0000000000003cdb      0x126 contiki-native.a(uiplib.o)
 .debug_line    0x0000000000003e01       0xbf contiki-native.a(uip-debug.o)
 .debug_line    0x0000000000003ec0      0x871 contiki-native.a(rpl-dag.o)
 .debug_line    0x0000000000004731      0x2b9 contiki-native.a(rpl-timers.o)
 .debug_line    0x00000000000049ea      0x2e2 contiki-native.a(rpl-ext-header.)
 .debug_line    0x0000000000004ccc      0x2c1 contiki-native.a(rpl.o)
 .debug_line    0x0000000000004f8d      0x290 contiki-native.a(rpl-mrhof.o)
 .debug_line    0x000000000000521d      0x5d4 contiki-native.a(rpl-icmp6.o)
 .debug_line    0x00000000000057f1      0x102 contiki-native.a(queuebuf.o)
 .debug_line    0x00000000000058f3      0x245 contiki-native.a(nbr-table.o)
 .debug_line    0x0000000000005b38      0x139 contiki-native.a(packetbuf.o)
 .debug_line    0x0000000000005c71      0x107 contiki-native.a(netstack.o)
 .debug_line    0x0000000000005d78       0x74 contiki-native.a(linkaddr.o)
 .debug_line    0x0000000000005dec      0x203 contiki-native.a(link-stats.o)
 .debug_line    0x0000000000005fef       0xc5 contiki-native.a(nullmac.o)
 .debug_line    0x00000000000060b4      0x13b contiki-native.a(framer-802154.o)
 .debug_line    0x00000000000061ef      0x2a8 contiki-native.a(frame802154.o)
 .debug_line    0x0000000000006497      0x15f contiki-native.a(nullrdc.o)
 .debug_line    0x00000000000065f6       0xc6 contiki-native.a(nullsec.o)
 .debug_line    0x00000000000066bc       0xa4 contiki-native.a(clock.o)
 .debug_line    0x0000000000006760       0xe1 contiki-native.a(rtimer-arch.o)
 .debug_line    0x0000000000006841       0x56 contiki-native.a(watchdog.o)
 .debug_line    0x0000000000006897       0x84 contiki-native.a(stimer.o)
 .debug_line    0x000000000000691b       0xc3 contiki-native.a(nullradio.o)
 .debug_line    0x00000000000069de       0xc3 contiki-native.a(memb.o)
 .debug_line    0x0000000000006aa1       0x4c contiki-native.a(random.o)
 .debug_line    0x0000000000006aed      0x1f8 contiki-native.a(uip-icmp6.o)
 .debug_line    0x0000000000006ce5      0x241 contiki-native.a(rpl-nbr-policy.)
 .debug_line    0x0000000000006f26       0x72 contiki-native.a(mac.o)

.debug_frame
 *(.debug_frame)

.debug_str      0x0000000000000000     0x5a18
 *(.debug_str)
 .debug_str     0x0000000000000000      0xac3 common.co
                                        0xc0c (size before relaxing)
 .debug_str     0x0000000000000ac3       0x6d obj_native/mote-impl.o
                                        0x26a (size before relaxing)
 .debug_str     0x0000000000000b30      0x65b contiki-native.a(mqtt.o)
                                       0x119c (size before relaxing)
 .debug_str     0x000000000000118b      0x3e1 contiki-native.a(contiki-main.o)
                                        0x62a (size before relaxing)
 .debug_str     0x000000000000156c       0x37 contiki-native.a(button-sensor.o)
                                        0x163 (size before relaxing)
 .debug_str     0x00000000000015a3       0x4d contiki-native.a(pir-sensor.o)
                                        0x176 (size before relaxing)
 .debug_str     0x00000000000015f0       0x3a contiki-native.a(vib-sensor.o)
                                        0x163 (size before relaxing)
 .debug_str     0x000000000000162a       0x9b contiki-native.a(sensors.o)
                                        0x258 (size before relaxing)
 .debug_str     0x00000000000016c5       0x3a contiki-native.a(autostart.o)
                                        0x184 (size before relaxing)
 .debug_str     0x00000000000016ff      0x152 contiki-native.a(etimer.o)
                                        0x2f8 (size before relaxing)
 .debug_str     0x0000000000001851       0xd1 contiki-native.a(ctimer.o)
                                        0x285 (size before relaxing)
 .debug_str     0x0000000000001922      0x156 contiki-native.a(process.o)
                                        0x2ba (size before relaxing)
 .debug_str     0x0000000000001a78       0xbc contiki-native.a(rtimer.o)
                                        0x1c6 (size before relaxing)
 .debug_str     0x0000000000001b34       0x17 contiki-native.a(timer.o)
                                        0x173 (size before relaxing)
 .debug_str     0x0000000000001b4b       0xb4 contiki-native.a(serial-line.o)
                                        0x243 (size before relaxing)
 .debug_str     0x0000000000001bff       0x5c contiki-native.a(ringbuf.o)
                                        0x186 (size before relaxing)
 .debug_str     0x0000000000001c5b       0xa8 contiki-native.a(list.o)
                                        0x124 (size before relaxing)
 .debug_str     0x0000000000001d03      0x3c6 contiki-native.a(uip-ds6.o)
                                        0x639 (size before relaxing)
 .debug_str     0x00000000000020c9      0x60c contiki-native.a(uip-ds6-route.o)
                                        0x8f5 (size before relaxing)
 .debug_str     0x00000000000026d5      0x41c contiki-native.a(uip6.o)
                                        0x7f3 (size before relaxing)
 .debug_str     0x0000000000002af1      0x34c contiki-native.a(uip-ds6-nbr.o)
                                        0x70d (size before relaxing)
 .debug_str     0x0000000000002e3d      0x11f contiki-native.a(uip-nd6.o)
                                        0x573 (size before relaxing)
 .debug_str     0x0000000000002f5c      0x457 contiki-native.a(sicslowpan.o)
                                        0x9ec (size before relaxing)
 .debug_str     0x00000000000033b3       0xf4 contiki-native.a(uip-packetqueue)
                                        0x302 (size before relaxing)